Component: ARM Compiler 5.06 update 7 (build 960) Tool: armlink [4d3601]

==============================================================================

Section Cross References

    py32f003xx_start_kit.o(i.BSP_LED_DeInit) refers to py32f0xx_hal_gpio.o(i.HAL_GPIO_WritePin) for HAL_GPIO_WritePin
    py32f003xx_start_kit.o(i.BSP_LED_DeInit) refers to py32f0xx_hal_gpio.o(i.HAL_GPIO_DeInit) for HAL_GPIO_DeInit
    py32f003xx_start_kit.o(i.BSP_LED_DeInit) refers to py32f003xx_start_kit.o(.constdata) for .constdata
    py32f003xx_start_kit.o(i.BSP_LED_DeInit) refers to py32f003xx_start_kit.o(.data) for .data
    py32f003xx_start_kit.o(i.BSP_LED_Init) refers to py32f0xx_hal_gpio.o(i.HAL_GPIO_Init) for HAL_GPIO_Init
    py32f003xx_start_kit.o(i.BSP_LED_Init) refers to py32f0xx_hal_gpio.o(i.HAL_GPIO_WritePin) for HAL_GPIO_WritePin
    py32f003xx_start_kit.o(i.BSP_LED_Init) refers to py32f003xx_start_kit.o(.constdata) for .constdata
    py32f003xx_start_kit.o(i.BSP_LED_Init) refers to py32f003xx_start_kit.o(.data) for .data
    py32f003xx_start_kit.o(i.BSP_LED_Off) refers to py32f0xx_hal_gpio.o(i.HAL_GPIO_WritePin) for HAL_GPIO_WritePin
    py32f003xx_start_kit.o(i.BSP_LED_Off) refers to py32f003xx_start_kit.o(.constdata) for .constdata
    py32f003xx_start_kit.o(i.BSP_LED_Off) refers to py32f003xx_start_kit.o(.data) for .data
    py32f003xx_start_kit.o(i.BSP_LED_On) refers to py32f0xx_hal_gpio.o(i.HAL_GPIO_WritePin) for HAL_GPIO_WritePin
    py32f003xx_start_kit.o(i.BSP_LED_On) refers to py32f003xx_start_kit.o(.constdata) for .constdata
    py32f003xx_start_kit.o(i.BSP_LED_On) refers to py32f003xx_start_kit.o(.data) for .data
    py32f003xx_start_kit.o(i.BSP_LED_Toggle) refers to py32f0xx_hal_gpio.o(i.HAL_GPIO_TogglePin) for HAL_GPIO_TogglePin
    py32f003xx_start_kit.o(i.BSP_LED_Toggle) refers to py32f003xx_start_kit.o(.constdata) for .constdata
    py32f003xx_start_kit.o(i.BSP_LED_Toggle) refers to py32f003xx_start_kit.o(.data) for .data
    py32f003xx_start_kit.o(i.BSP_PB_DeInit) refers to py32f0xx_hal_cortex.o(i.HAL_NVIC_DisableIRQ) for HAL_NVIC_DisableIRQ
    py32f003xx_start_kit.o(i.BSP_PB_DeInit) refers to py32f0xx_hal_gpio.o(i.HAL_GPIO_DeInit) for HAL_GPIO_DeInit
    py32f003xx_start_kit.o(i.BSP_PB_DeInit) refers to py32f003xx_start_kit.o(.constdata) for .constdata
    py32f003xx_start_kit.o(i.BSP_PB_DeInit) refers to py32f003xx_start_kit.o(.data) for .data
    py32f003xx_start_kit.o(i.BSP_PB_GetState) refers to py32f0xx_hal_gpio.o(i.HAL_GPIO_ReadPin) for HAL_GPIO_ReadPin
    py32f003xx_start_kit.o(i.BSP_PB_GetState) refers to py32f003xx_start_kit.o(.constdata) for .constdata
    py32f003xx_start_kit.o(i.BSP_PB_GetState) refers to py32f003xx_start_kit.o(.data) for .data
    py32f003xx_start_kit.o(i.BSP_PB_Init) refers to py32f0xx_hal_gpio.o(i.HAL_GPIO_Init) for HAL_GPIO_Init
    py32f003xx_start_kit.o(i.BSP_PB_Init) refers to py32f0xx_hal_cortex.o(i.HAL_NVIC_SetPriority) for HAL_NVIC_SetPriority
    py32f003xx_start_kit.o(i.BSP_PB_Init) refers to py32f0xx_hal_cortex.o(i.HAL_NVIC_EnableIRQ) for HAL_NVIC_EnableIRQ
    py32f003xx_start_kit.o(i.BSP_PB_Init) refers to py32f003xx_start_kit.o(.constdata) for .constdata
    py32f003xx_start_kit.o(i.BSP_PB_Init) refers to py32f003xx_start_kit.o(.data) for .data
    py32f003xx_start_kit.o(i.BSP_USART_Config) refers to py32f0xx_hal_uart.o(i.HAL_UART_Init) for HAL_UART_Init
    py32f003xx_start_kit.o(i.BSP_USART_Config) refers to py32f0xx_hal_gpio.o(i.HAL_GPIO_Init) for HAL_GPIO_Init
    py32f003xx_start_kit.o(i.BSP_USART_Config) refers to py32f0xx_hal_cortex.o(i.HAL_NVIC_SetPriority) for HAL_NVIC_SetPriority
    py32f003xx_start_kit.o(i.BSP_USART_Config) refers to py32f0xx_hal_cortex.o(i.HAL_NVIC_EnableIRQ) for HAL_NVIC_EnableIRQ
    py32f003xx_start_kit.o(i.BSP_USART_Config) refers to py32f003xx_start_kit.o(.bss) for .bss
    py32f003xx_start_kit.o(i.fgetc) refers to py32f0xx_hal_uart.o(i.HAL_UART_Receive) for HAL_UART_Receive
    py32f003xx_start_kit.o(i.fgetc) refers to py32f003xx_start_kit.o(.bss) for .bss
    py32f003xx_start_kit.o(i.fputc) refers to py32f0xx_hal_uart.o(i.HAL_UART_Transmit) for HAL_UART_Transmit
    py32f003xx_start_kit.o(i.fputc) refers to py32f003xx_start_kit.o(.bss) for .bss
    drive_adc.o(i.Drive_ADCConvert) refers to py32f0xx_hal_adc.o(i.HAL_ADC_ConfigChannel) for HAL_ADC_ConfigChannel
    drive_adc.o(i.Drive_ADCConvert) refers to main.o(i.APP_ErrorHandler) for APP_ErrorHandler
    drive_adc.o(i.Drive_ADCConvert) refers to py32f0xx_hal_adc.o(i.HAL_ADC_Start) for HAL_ADC_Start
    drive_adc.o(i.Drive_ADCConvert) refers to py32f0xx_hal_adc.o(i.HAL_ADC_PollForConversion) for HAL_ADC_PollForConversion
    drive_adc.o(i.Drive_ADCConvert) refers to py32f0xx_hal_adc.o(i.HAL_ADC_GetValue) for HAL_ADC_GetValue
    drive_adc.o(i.Drive_ADCConvert) refers to drive_adc.o(.data) for .data
    drive_adc.o(i.Drive_ADCConvert) refers to drive_adc.o(.bss) for .bss
    drive_adc.o(i.Drive_ADCConvert) refers to main.o(.data) for AllStatus_S
[...]
    i.app_soldering_T12_adcTurnToTemp        0x08004ac0   Section        0  app_math.o(i.app_soldering_T12_adcTurnToTemp)
    i.app_timeSlice_Task                     0x08004af0   Section        0  app_timeslice.o(i.app_timeSlice_Task)
    i.arm_fir_f32                            0x08004b94   Section        0  arm_fir_f32.o(i.arm_fir_f32)
    i.find_max_in_array                      0x08004c1c   Section        0  app_math.o(i.find_max_in_array)
    find_max_in_array                        0x08004c1d   Thumb Code    44  app_math.o(i.find_max_in_array)
    i.get_buzzer_freq_by_temp                0x08004c48   Section        0  app_buzmusic.o(i.get_buzzer_freq_by_temp)
    get_buzzer_freq_by_temp                  0x08004c49   Thumb Code    40  app_buzmusic.o(i.get_buzzer_freq_by_temp)
    i.main                                   0x08004c74   Section        0  main.o(i.main)
    i.median_filter                          0x08004ce0   Section        0  app_math.o(i.median_filter)
    median_filter                            0x08004ce1   Thumb Code    86  app_math.o(i.median_filter)
    i.set_beep                               0x08004d40   Section        0  app_buzmusic.o(i.set_beep)
    set_beep                                 0x08004d41   Thumb Code    26  app_buzmusic.o(i.set_beep)
    i.set_buzHz                              0x08004d5c   Section        0  app_buzmusic.o(i.set_buzHz)
    set_buzHz                                0x08004d5d   Thumb Code    32  app_buzmusic.o(i.set_buzHz)
    i.square_2                               0x08004d88   Section        0  app_math.o(i.square_2)
    square_2                                 0x08004d89   Thumb Code    10  app_math.o(i.square_2)
    i.square_3                               0x08004d92   Section        0  app_math.o(i.square_3)
    square_3                                 0x08004d93   Thumb Code    20  app_math.o(i.square_3)
    i.touchBuzzerSpeak_1S                    0x08004da8   Section        0  app_buzmusic.o(i.touchBuzzerSpeak_1S)
    touchBuzzerSpeak_1S                      0x08004da9   Thumb Code    42  app_buzmusic.o(i.touchBuzzerSpeak_1S)
    i.touchBuzzerSpeak_20Ms                  0x08004ddc   Section        0  app_buzmusic.o(i.touchBuzzerSpeak_20Ms)
    touchBuzzerSpeak_20Ms                    0x08004ddd   Thumb Code    42  app_buzmusic.o(i.touchBuzzerSpeak_20Ms)
    i.touchBuzzerSpeak_Freq                  0x08004e10   Section        0  app_buzmusic.o(i.touchBuzzerSpeak_Freq)
    touchBuzzerSpeak_Freq                    0x08004e11   Thumb Code    16  app_buzmusic.o(i.touchBuzzerSpeak_Freq)
    i.touchBuzzerSpeak_L1                    0x08004e20   Section        0  app_buzmusic.o(i.touchBuzzerSpeak_L1)
    touchBuzzerSpeak_L1                      0x08004e21   Thumb Code    16  app_buzmusic.o(i.touchBuzzerSpeak_L1)
    i.touchBuzzerSpeak_alarm                 0x08004e30   Section        0  app_buzmusic.o(i.touchBuzzerSpeak_alarm)
    touchBuzzerSpeak_alarm                   0x08004e31   Thumb Code    88  app_buzmusic.o(i.touchBuzzerSpeak_alarm)
    i.touchBuzzerSpeak_dingdong              0x08004e90   Section        0  app_buzmusic.o(i.touchBuzzerSpeak_dingdong)
    touchBuzzerSpeak_dingdong                0x08004e91   Thumb Code    96  app_buzmusic.o(i.touchBuzzerSpeak_dingdong)
    i.touchBuzzerSpeak_dingdongdiangdang     0x08004ef8   Section        0  app_buzmusic.o(i.touchBuzzerSpeak_dingdongdiangdang)
    touchBuzzerSpeak_dingdongdiangdang       0x08004ef9   Thumb Code    96  app_buzmusic.o(i.touchBuzzerSpeak_dingdongdiangdang)
    i.touchBuzzerSpeak_dongding              0x08004f60   Section        0  app_buzmusic.o(i.touchBuzzerSpeak_dongding)
    touchBuzzerSpeak_dongding                0x08004f61   Thumb Code    96  app_buzmusic.o(i.touchBuzzerSpeak_dongding)
    i.touchBuzzerSpeak_doromi                0x08004fc8   Section        0  app_buzmusic.o(i.touchBuzzerSpeak_doromi)
    touchBuzzerSpeak_doromi                  0x08004fc9   Thumb Code    96  app_buzmusic.o(i.touchBuzzerSpeak_doromi)
    i.touchBuzzerSpeak_doromifasolasi        0x08005030   Section        0  app_buzmusic.o(i.touchBuzzerSpeak_doromifasolasi)
    touchBuzzerSpeak_doromifasolasi          0x08005031   Thumb Code    94  app_buzmusic.o(i.touchBuzzerSpeak_doromifasolasi)
    i.touchBuzzerSpeak_mirodo                0x0800509c   Section        0  app_buzmusic.o(i.touchBuzzerSpeak_mirodo)
    touchBuzzerSpeak_mirodo                  0x0800509d   Thumb Code    96  app_buzmusic.o(i.touchBuzzerSpeak_mirodo)
    i.touchBuzzerSpeak_silasofamirodo        0x08005104   Section        0  app_buzmusic.o(i.touchBuzzerSpeak_silasofamirodo)
    touchBuzzerSpeak_silasofamirodo          0x08005105   Thumb Code    94  app_buzmusic.o(i.touchBuzzerSpeak_silasofamirodo)
    i.touchBuzzer_overtone                   0x08005170   Section        0  app_buzmusic.o(i.touchBuzzer_overtone)
    touchBuzzer_overtone                     0x08005171   Thumb Code    24  app_buzmusic.o(i.touchBuzzer_overtone)
    i.touchBuzzer_set                        0x0800518c   Section        0  app_buzmusic.o(i.touchBuzzer_set)
    touchBuzzer_set                          0x0800518d   Thumb Code    90  app_buzmusic.o(i.touchBuzzer_set)
    x$fpl$fadd                               0x080051ec   Section      140  faddsub.o(x$fpl$fadd)
    _fadd1                                   0x080051f9   Thumb Code     0  faddsub.o(x$fpl$fadd)
    x$fpl$fleqf                              0x08005278   Section       84  flef.o(x$fpl$fleqf)
    x$fpl$fmul                               0x080052cc   Section      176  fmul.o(x$fpl$fmul)
    x$fpl$frleqf                             0x0800537c   Section       88  frlef.o(x$fpl$frleqf)
    x$fpl$frsb                               0x080053d4   Section       24  faddsub.o(x$fpl$frsb)
    x$fpl$fsub                               0x080053ec   Section      208  faddsub.o(x$fpl$fsub)
    _fsub1                                   0x080053f9   Thumb Code     0  faddsub.o(x$fpl$fsub)
    .constdata                               0x080054bc   Section       32  py32f0xx_hal_flash.o(.constdata)
    x$fpl$usenofp                            0x080054bc   Section        0  usenofp.o(x$fpl$usenofp)
    .constdata                               0x080054dc   Section       20  py32f0xx_hal_rcc.o(.constdata)
    .constdata                               0x080054f0   Section       96  system_py32f0xx.o(.constdata)
    .constdata                               0x08005550   Section       64  fdiv.o(.constdata)
    fdiv_tab                                 0x08005550   Data          64  fdiv.o(.constdata)
    .ARM.__at_0x20000000                     0x20000000   Section      192  system_py32f0xx.o(.ARM.__at_0x20000000)
    .data                                    0x200000c0   Section        4  drive_adc.o(.data)
    last_Channel                             0x200000c0   Data           4  drive_adc.o(.data)
    .data                                    0x200000c4   Section        8  drive_encoder.o(.data)
    last_direction                           0x200000c4   Data           1  drive_encoder.o(.data)
    last_tick                                0x200000c8   Data           4  drive_encoder.o(.data)
    .data                                    0x200000cc   Section       12  py32f0xx_hal.o(.data)
    .data                                    0x200000d8   Section       22  app_displaylcd.o(.data)
    .data                                    0x200000f0   Section       20  app_timeslice.o(.data)
    last_pidTick                             0x200000f0   Data           4  app_timeslice.o(.data)
    last_sleepTick                           0x200000f4   Data           4  app_timeslice.o(.data)
    last_encoderTick                         0x200000f8   Data           4  app_timeslice.o(.data)
    last_IconBlinkTick                       0x200000fc   Data           4  app_timeslice.o(.data)
    last_ButtonTick                          0x20000100   Data           4  app_timeslice.o(.data)
    .data                                    0x20000104   Section       16  app_math.o(.data)
    .data                                    0x20000114   Section      152  app_math.o(.data)
    median_index                             0x20000114   Data           1  app_math.o(.data)
    fir_index                                0x20000115   Data           1  app_math.o(.data)
    oneState                                 0x20000116   Data           1  app_math.o(.data)
    last_adc                                 0x20000118   Data           2  app_math.o(.data)
    V0                                       0x2000011c   Data           4  app_math.o(.data)
    kalman_temp_inst                         0x20000138   Data          24  app_math.o(.data)
    fir_coeffs                               0x20000150   Data          20  app_math.o(.data)
    kalman_ele_inst                          0x20000164   Data          24  app_math.o(.data)
    kalman_power_inst                        0x2000017c   Data          24  app_math.o(.data)
    display_kalman_inst                      0x20000194   Data          24  app_math.o(.data)
    .data                                    0x200001ac   Section       12  app_coder.o(.data)
    TarTempSaveInFlash_temp                  0x200001ac   Data           1  app_coder.o(.data)
    long_press_flag                          0x200001ad   Data           1  app_coder.o(.data)
    released_after_long                      0x200001ae   Data           1  app_coder.o(.data)
    press_cnt                                0x200001b0   Data           2  app_coder.o(.data)
    buttonFlag                               0x200001b4   Data           4  app_coder.o(.data)
    .data                                    0x200001b8   Section       32  app_hci.o(.data)
    count_in_window                          0x200001b8   Data           1  app_hci.o(.data)
    fast_level                               0x200001b9   Data           1  app_hci.o(.data)
    icon_state                               0x200001ba   Data           1  app_hci.o(.data)
    oneState                                 0x200001bb   Data           1  app_hci.o(.data)
    errorFlag                                0x200001bc   Data           1  app_hci.o(.data)
    oneState_deepSleep                       0x200001bd   Data           1  app_hci.o(.data)
    onOff                                    0x200001be   Data           1  app_hci.o(.data)
    blink_cnt                                0x200001c0   Data           2  app_hci.o(.data)
    window_start_tick                        0x200001c4   Data           4  app_hci.o(.data)
    last_display_temp                        0x200001c8   Data           4  app_hci.o(.data)
    display_temp_cnt                         0x200001cc   Data           4  app_hci.o(.data)
    display_temp_interval                    0x200001d0   Data           4  app_hci.o(.data)
    last_display_temp_tick                   0x200001d4   Data           4  app_hci.o(.data)
    .data                                    0x200001d8   Section      304  app_buzmusic.o(.data)
    up                                       0x200001d8   Data           1  app_buzmusic.o(.data)
    i                                        0x200001da   Data           2  app_buzmusic.o(.data)
    temp                                     0x200001dc   Data           2  app_buzmusic.o(.data)
    i                                        0x200001de   Data           2  app_buzmusic.o(.data)
    temp                                     0x200001e0   Data           2  app_buzmusic.o(.data)
    i                                        0x200001e2   Data           2  app_buzmusic.o(.data)
    temp                                     0x200001e4   Data           2  app_buzmusic.o(.data)
    i                                        0x200001e6   Data           2  app_buzmusic.o(.data)
    temp                                     0x200001e8   Data           2  app_buzmusic.o(.data)
    i                                        0x200001ea   Data           2  app_buzmusic.o(.data)
    temp                                     0x200001ec   Data           2  app_buzmusic.o(.data)
    i                                        0x200001ee   Data           2  app_buzmusic.o(.data)
    temp                                     0x200001f0   Data           2  app_buzmusic.o(.data)
    i                                        0x200001f2   Data           2  app_buzmusic.o(.data)
    temp                                     0x200001f4   Data           2  app_buzmusic.o(.data)
    temp                                     0x200001f6   Data           2  app_buzmusic.o(.data)
    temp                                     0x200001f8   Data           2  app_buzmusic.o(.data)
    temp                                     0x200001fa   Data           2  app_buzmusic.o(.data)
    hz                                       0x200001fc   Data           2  app_buzmusic.o(.data)
    i                                        0x200001fe   Data           2  app_buzmusic.o(.data)
    temp                                     0x20000200   Data           2  app_buzmusic.o(.data)
    freq_table                               0x200002fa   Data          14  app_buzmusic.o(.data)
    .data                                    0x20000308   Section        4  system_py32f0xx.o(.data)
    .data                                    0x2000030c   Section      252  main.o(.data)
    oneSttate                                0x2000030c   Data           1  main.o(.data)
    .bss                                     0x20000408   Section       76  drive_adc.o(.bss)
    .bss                                     0x20000454   Section       76  drive_uart.o(.bss)
    .bss                                     0x200004a0   Section       92  drive_mosswitch.o(.bss)
    .bss                                     0x200004fc   Section       14  drive_desplaylcd.o(.bss)
    .bss                                     0x2000050c   Section       12  drive_iwdg.o(.bss)
    .bss                                     0x20000518   Section       24  py32f0xx_hal_flash.o(.bss)
    .bss                                     0x20000530   Section       16  app_math.o(.bss)
    .bss                                     0x20000540   Section       16  app_math.o(.bss)
    .bss                                     0x20000550   Section       56  app_math.o(.bss)
    median_buffer                            0x20000550   Data          20  app_math.o(.bss)
    fir_buffer                               0x20000564   Data          10  app_math.o(.bss)
    filtered                                 0x20000570   Data          24  app_math.o(.bss)
    .bss                                     0x20000588   Section       68  py32f0xx_hal_msp.o(.bss)
    HdmaCh1                                  0x20000588   Data          68  py32f0xx_hal_msp.o(.bss)
    .bss                                     0x200005cc   Section       96  libspace.o(.bss)
    HEAP                                     0x20000630   Section        0  startup_py32f003xx.o(HEAP)
    STACK                                    0x20000630   Section     1024  startup_py32f003xx.o(STACK)
    Heap_Mem                                 0x20000630   Data           0  startup_py32f003xx.o(HEAP)
    Stack_Mem                                0x20000630   Data        1024  startup_py32f003xx.o(STACK)
    __initial_sp                             0x20000a30   Data           0  startup_py32f003xx.o(STACK)

    Global Symbols

    Symbol Name                              Value     Ov Type        Size  Object(Section)

    BuildAttributes$$THM_ISAv3M$S$PE$A:L22$X:L11$S22$IEEE1$IW$USESV6$~STKCKD$USESV7$~SHL$OSPACE$ROPI$EBA8$UX$STANDARDLIB$REQ8$PRES8$EABIv2 0x00000000   Number         0  anon$$obj.o ABSOLUTE
    __ARM_use_no_argv                        0x00000000   Number         0  main.o ABSOLUTE
    __ARM_exceptions_init                     - Undefined Weak Reference
    __alloca_initialize                       - Undefined Weak Reference
    __arm_fini_                               - Undefined Weak Reference
    __arm_preinit_                            - Undefined Weak Reference
    __cpp_initialize__aeabi_                  - Undefined Weak Reference
    __cxa_finalize                            - Undefined Weak Reference
    __rt_locale                               - Undefined Weak Reference
    __sigvec_lookup                           - Undefined Weak Reference
    _atexit_init                              - Undefined Weak Reference
    _call_atexit_fns                          - Undefined Weak Reference
    _clock_init                               - Undefined Weak Reference
    _fp_trap_init                             - Undefined Weak Reference
    _fp_trap_shutdown                         - Undefined Weak Reference
    _get_lc_collate                           - Undefined Weak Reference
    _get_lc_ctype                             - Undefined Weak Reference
    _get_lc_monetary                          - Undefined Weak Reference
    _get_lc_numeric                           - Undefined Weak Reference
    _get_lc_time                              - Undefined Weak Reference
    _getenv_init                              - Undefined Weak Reference
    _handle_redirection                       - Undefined Weak Reference
    _init_alloc                               - Undefined Weak Reference
    _init_user_alloc                          - Undefined Weak Reference
    _initio                                   - Undefined Weak Reference
    _rand_init                                - Undefined Weak Reference
    _signal_finish                            - Undefined Weak Reference
    _signal_init                              - Undefined Weak Reference
    _terminate_alloc                          - Undefined Weak Reference
    _terminate_user_alloc                     - Undefined Weak Reference
    _terminateio                              - Undefined Weak Reference
    __Vectors_Size                           0x000000c0   Number         0  startup_py32f003xx.o ABSOLUTE
    __Vectors                                0x08000000   Data           4  startup_py32f003xx.o(RESET)
    __Vectors_End                            0x080000c0   Data           0  startup_py32f003xx.o(RESET)
    __main                                   0x080000c1   Thumb Code     8  __main.o(!!!main)
    __scatterload                            0x080000c9   Thumb Code     0  __scatter.o(!!!scatter)
    __scatterload_rt2                        0x080000c9   Thumb Code    52  __scatter.o(!!!scatter)
    __scatterload_rt2_thumb_only             0x080000c9   Thumb Code     0  __scatter.o(!!!scatter)
    __scatterload_null                       0x080000d9   Thumb Code     0  __scatter.o(!!!scatter)
    __scatterload_zeroinit                   0x08000105   Thumb Code    28  __scatter_zi.o(!!handler_zi)
    __rt_lib_init                            0x08000121   Thumb Code     0  libinit.o(.ARM.Collect$$libinit$$00000000)
    __rt_lib_init_alloca_1                   0x08000123   Thumb Code     0  libinit2.o(.ARM.Collect$$libinit$$0000002E)
    __rt_lib_init_argv_1                     0x08000123   Thumb Code     0  libinit2.o(.ARM.Collect$$libinit$$0000002C)
    __rt_lib_init_atexit_1                   0x08000123   Thumb Code     0  libinit2.o(.ARM.Collect$$libinit$$0000001B)
    __rt_lib_init_clock_1                    0x08000123   Thumb Code     0  libinit2.o(.ARM.Collect$$libinit$$00000021)
    __rt_lib_init_cpp_1                      0x08000123   Thumb Code     0  libinit2.o(.ARM.Collect$$libinit$$00000032)
    __rt_lib_init_exceptions_1               0x08000123   Thumb Code     0  libinit2.o(.ARM.Collect$$libinit$$00000030)
    __rt_lib_init_fp_1                       0x08000123   Thumb Code     0  libinit2.o(.ARM.Collect$$libinit$$00000002)
    __rt_lib_init_fp_trap_1                  0x08000123   Thumb Code     0  libinit2.o(.ARM.Collect$$libinit$$0000001F)
    __rt_lib_init_getenv_1                   0x08000123   Thumb Code     0  libinit2.o(.ARM.Collect$$libinit$$00000023)
    __rt_lib_init_heap_1                     0x08000123   Thumb Code     0  libinit2.o(.ARM.Collect$$libinit$$0000000A)
    __rt_lib_init_lc_collate_1               0x08000123   Thumb Code     0  libinit2.o(.ARM.Collect$$libinit$$00000011)
    __rt_lib_init_lc_ctype_1                 0x08000123   Thumb Code     0  libinit2.o(.ARM.Collect$$libinit$$00000013)
    __rt_lib_init_lc_monetary_1              0x08000123   Thumb Code     0  libinit2.o(.ARM.Collect$$libinit$$00000015)
    __rt_lib_init_lc_numeric_1               0x08000123   Thumb Code     0  libinit2.o(.ARM.Collect$$libinit$$00000017)
    __rt_lib_init_lc_time_1                  0x08000123   Thumb Code     0  libinit2.o(.ARM.Collect$$libinit$$00000019)
    __rt_lib_init_preinit_1                  0x08000123   Thumb Code     0  libinit2.o(.ARM.Collect$$libinit$$00000004)
    __rt_lib_init_rand_1                     0x08000123   Thumb Code     0  libinit2.o(.ARM.Collect$$libinit$$0000000E)
    __rt_lib_init_return                     0x08000123   Thumb Code     0  libinit2.o(.ARM.Collect$$libinit$$00000033)
    __rt_lib_init_signal_1                   0x08000123   Thumb Code     0  libinit2.o(.ARM.Collect$$libinit$$0000001D)
    __rt_lib_init_stdio_1                    0x08000123   Thumb Code     0  libinit2.o(.ARM.Collect$$libinit$$00000025)
    __rt_lib_init_user_alloc_1               0x08000123   Thumb Code     0  libinit2.o(.ARM.Collect$$libinit$$0000000C)
    __rt_lib_shutdown                        0x08000125   Thumb Code     0  libshutdown.o(.ARM.Collect$$libshutdown$$00000000)
    __rt_lib_shutdown_cpp_1                  0x08000127   Thumb Code     0  libshutdown2.o(.ARM.Collect$$libshutdown$$00000004)
    __rt_lib_shutdown_fini_1                 0x08000127   Thumb Code     0  libshutdown2.o(.ARM.Collect$$libshutdown$$00000002)
    __rt_lib_shutdown_fp_trap_1              0x08000127   Thumb Code     0  libshutdown2.o(.ARM.Collect$$libshutdown$$00000009)
    __rt_lib_shutdown_heap_1                 0x08000127   Thumb Code     0  libshutdown2.o(.ARM.Collect$$libshutdown$$00000011)
    __rt_lib_shutdown_return                 0x08000127   Thumb Code     0  libshutdown2.o(.ARM.Collect$$libshutdown$$00000012)
    __rt_lib_shutdown_signal_1               0x08000127   Thumb Code     0  libshutdown2.o(.ARM.Collect$$libshutdown$$0000000C)
    __rt_lib_shutdown_stdio_1                0x08000127   Thumb Code     0  libshutdown2.o(.ARM.Collect$$libshutdown$$00000006)
    __rt_lib_shutdown_user_alloc_1           0x08000127   Thumb Code     0  libshutdown2.o(.ARM.Collect$$libshutdown$$0000000E)
    __rt_entry                               0x08000129   Thumb Code     0  __rtentry.o(.ARM.Collect$$rtentry$$00000000)
    __rt_entry_presh_1                       0x08000129   Thumb Code     0  __rtentry2.o(.ARM.Collect$$rtentry$$00000002)
    __rt_entry_sh                            0x08000129   Thumb Code     0  __rtentry4.o(.ARM.Collect$$rtentry$$00000004)
    __rt_entry_li                            0x0800012f   Thumb Code     0  __rtentry2.o(.ARM.Collect$$rtentry$$0000000A)
    __rt_entry_postsh_1                      0x0800012f   Thumb Code     0  __rtentry2.o(.ARM.Collect$$rtentry$$00000009)
    __rt_entry_main                          0x08000133   Thumb Code     0  __rtentry2.o(.ARM.Collect$$rtentry$$0000000D)
    __rt_entry_postli_1                      0x08000133   Thumb Code     0  __rtentry2.o(.ARM.Collect$$rtentry$$0000000C)
    __rt_exit                                0x0800013b   Thumb Code     0  rtexit.o(.ARM.Collect$$rtexit$$00000000)
    __rt_exit_ls                             0x0800013d   Thumb Code     0  rtexit2.o(.ARM.Collect$$rtexit$$00000003)
    __rt_exit_prels_1                        0x0800013d   Thumb Code     0  rtexit2.o(.ARM.Collect$$rtexit$$00000002)
    __rt_exit_exit                           0x08000141   Thumb Code     0  rtexit2.o(.ARM.Collect$$rtexit$$00000004)
    __aeabi_memcpy4                          0x08000149   Thumb Code    56  rt_memcpy.o(.emb_text)
    __aeabi_memcpy8                          0x08000149   Thumb Code     0  rt_memcpy.o(.emb_text)
    Reset_Handler                            0x08000181   Thumb Code     8  startup_py32f003xx.o(.text)
    ADC_COMP_IRQHandler                      0x08000193   Thumb Code     0  startup_py32f003xx.o(.text)
    DMA1_Channel1_IRQHandler                 0x08000193   Thumb Code     0  startup_py32f003xx.o(.text)
    DMA1_Channel2_3_IRQHandler               0x08000193   Thumb Code     0  startup_py32f003xx.o(.text)
    EXTI0_1_IRQHandler                       0x08000193   Thumb Code     0  startup_py32f003xx.o(.text)
    EXTI2_3_IRQHandler                       0x08000193   Thumb Code     0  startup_py32f003xx.o(.text)
    FLASH_IRQHandler                         0x08000193   Thumb Code     0  startup_py32f003xx.o(.text)
    I2C1_IRQHandler                          0x08000193   Thumb Code     0  startup_py32f003xx.o(.text)
    LPTIM1_IRQHandler                        0x08000193   Thumb Code     0  startup_py32f003xx.o(.text)
    PVD_IRQHandler                           0x08000193   Thumb Code     0  startup_py32f003xx.o(.text)
    RCC_IRQHandler                           0x08000193   Thumb Code     0  startup_py32f003xx.o(.text)
    RTC_IRQHandler                           0x08000193   Thumb Code     0  startup_py32f003xx.o(.text)
    SPI1_IRQHandler                          0x08000193   Thumb Code     0  startup_py32f003xx.o(.text)
    TIM14_IRQHandler                         0x08000193   Thumb Code     0  startup_py32f003xx.o(.text)
    TIM16_IRQHandler                         0x08000193   Thumb Code     0  startup_py32f003xx.o(.text)
    TIM17_IRQHandler                         0x08000193   Thumb Code     0  startup_py32f003xx.o(.text)
    TIM1_BRK_UP_TRG_COM_IRQHandler           0x08000193   Thumb Code     0  startup_py32f003xx.o(.text)
    TIM1_CC_IRQHandler                       0x08000193   Thumb Code     0  startup_py32f003xx.o(.text)
    TIM3_IRQHandler                          0x08000193   Thumb Code     0  startup_py32f003xx.o(.text)
    USART2_IRQHandler                        0x08000193   Thumb Code     0  startup_py32f003xx.o(.text)
    WWDG_IRQHandler                          0x08000193   Thumb Code     0  startup_py32f003xx.o(.text)
    __user_initial_stackheap                 0x08000195   Thumb Code     0  startup_py32f003xx.o(.text)
    memcmp                                   0x080001b5   Thumb Code    90  memcmp.o(.text)
    _memset_w                                0x0800020f   Thumb Code    26  rt_memclr.o(.text)
    _memset                                  0x08000229   Thumb Code    30  rt_memclr.o(.text)
    __aeabi_memclr                           0x08000247   Thumb Code     4  rt_memclr.o(.text)
    __rt_memclr                              0x08000247   Thumb Code     0  rt_memclr.o(.text)
    __aeabi_memclr4                          0x0800024b   Thumb Code     0  rt_memclr.o(.text)
    __aeabi_memclr8                          0x0800024b   Thumb Code     0  rt_memclr.o(.text)
    __rt_memclr_w                            0x0800024b   Thumb Code     4  rt_memclr.o(.text)
    __aeabi_uidiv                            0x0800024f   Thumb Code     0  aeabi_sdiv.o(.text)
    __aeabi_uidivmod                         0x0800024f   Thumb Code    20  aeabi_sdiv.o(.text)
    __aeabi_idiv                             0x08000263   Thumb Code     0  aeabi_sdiv.o(.text)
    __aeabi_idivmod                          0x08000263   Thumb Code   326  aeabi_sdiv.o(.text)
    __use_two_region_memory                  0x080003a9   Thumb Code     2  heapauxi.o(.text)
    __rt_heap_escrow$2region                 0x080003ab   Thumb Code     2  heapauxi.o(.text)
    __rt_heap_expand$2region                 0x080003ad   Thumb Code     2  heapauxi.o(.text)
    __aeabi_d2f                              0x080003b1   Thumb Code     0  d2f.o(.text)
    _d2f                                     0x080003b1   Thumb Code   120  d2f.o(.text)
    __aeabi_dadd                             0x08000725   Thumb Code     0  daddsub.o(.text)
    _dadd                                    0x08000725   Thumb Code    26  daddsub.o(.text)
    __aeabi_dsub                             0x0800073f   Thumb Code     0  daddsub.o(.text)
    _dsub                                    0x0800073f   Thumb Code    22  daddsub.o(.text)
    __aeabi_drsub                            0x08000755   Thumb Code     0  daddsub.o(.text)
    _drsb                                    0x08000755   Thumb Code    28  daddsub.o(.text)
    __aeabi_i2d_normalise                    0x08000785   Thumb Code    66  dflti.o(.text)
    __aeabi_i2d                              0x080007c7   Thumb Code    16  dflti.o(.text)
    _dflt                                    0x080007c7   Thumb Code     0  dflti.o(.text)
    __aeabi_ui2d                             0x080007d7   Thumb Code     6  dflti.o(.text)
    _dfltu                                   0x080007d7   Thumb Code     0  dflti.o(.text)
    __aeabi_dmul                             0x080007dd   Thumb Code     0  dmul.o(.text)
    _dmul                                    0x080007dd   Thumb Code   558  dmul.o(.text)
    __aeabi_f2d                              0x08000a25   Thumb Code     0  f2d.o(.text)
    _f2d                                     0x08000a25   Thumb Code    80  f2d.o(.text)
    __aeabi_fdiv                             0x08000a79   Thumb Code     0  fdiv.o(.text)
    _fdiv                                    0x08000a79   Thumb Code   334  fdiv.o(.text)
    _frdiv                                   0x08000bc7   Thumb Code     8  fdiv.o(.text)
    __aeabi_f2uiz                            0x08000bd9   Thumb Code     0  ffixui.o(.text)
    _ffixu                                   0x08000bd9   Thumb Code    48  ffixui.o(.text)
    __aeabi_i2f_normalise                    0x08000c09   Thumb Code    72  fflti.o(.text)
    __aeabi_i2f                              0x08000c51   Thumb Code    16  fflti.o(.text)
    _fflt                                    0x08000c51   Thumb Code     0  fflti.o(.text)
    __aeabi_ui2f                             0x08000c61   Thumb Code     6  fflti.o(.text)
    _ffltu                                   0x08000c61   Thumb Code     0  fflti.o(.text)
    __ARM_scalbnf                            0x08000c69   Thumb Code    64  fscalbn.o(.text)
    __fpl_fcmp_InfNaN                        0x08000cad   Thumb Code    96  fcmpin.o(.text)
    __fpl_cmpreturn                          0x08000d11   Thumb Code    46  cmpret.o(.text)
    __fpl_fcheck_NaN2                        0x08000d41   Thumb Code    10  fnan2.o(.text)
    __user_setup_stackheap                   0x08000d51   Thumb Code    62  sys_stackheap_outer.o(.text)
    exit                                     0x08000d8f   Thumb Code    16  exit.o(.text)
    __fpl_return_NaN                         0x08000d9f   Thumb Code    94  retnan.o(.text)
    __user_libspace                          0x08000dfd   Thumb Code     8  libspace.o(.text)
    __user_perproc_libspace                  0x08000dfd   Thumb Code     0  libspace.o(.text)
    __user_perthread_libspace                0x08000dfd   Thumb Code     0  libspace.o(.text)
    _sys_exit                                0x08000e05   Thumb Code     8  sys_exit.o(.text)
    __I$use$semihosting                      0x08000e11   Thumb Code     0  use_no_semi.o(.text)
    __use_no_semihosting_swi                 0x08000e11   Thumb Code     2  use_no_semi.o(.text)
    __decompress                             0x08000e13   Thumb Code     0  __dczerorl2.o(.text)
    __decompress1                            0x08000e13   Thumb Code    86  __dczerorl2.o(.text)
    __semihosting_library_function           0x08000e13   Thumb Code     0  indicate_semi.o(.text)
    main                                     0x08000e69   Thumb Code    40  system_py32f0xx.o(i.$Sub$$main)
    APP_ErrorHandler                         0x08000f31   Thumb Code   214  main.o(i.APP_ErrorHandler)
    APP_FirFilter_NtcTemp                    0x08001011   Thumb Code    20  app_math.o(i.APP_FirFilter_NtcTemp)
    APP_GetElectricity_soft_Task             0x08001029   Thumb Code    68  app_math.o(i.APP_GetElectricity_soft_Task)
    APP_KalmanFilter_Ele                     0x0800107d   Thumb Code    82  app_math.o(i.APP_KalmanFilter_Ele)
    APP_KalmanFilter_Power                   0x080010d5   Thumb Code    90  app_math.o(i.APP_KalmanFilter_Power)
    APP_PcbNtc_adcTurnToTemp                 0x0800113d   Thumb Code    62  app_math.o(i.APP_PcbNtc_adcTurnToTemp)
    APP_Power_complementaryFilter_Task       0x0800118d   Thumb Code    68  app_math.o(i.APP_Power_complementaryFilter_Task)
    APP_SleepCloseBackLight_Task             0x080011e5   Thumb Code    60  app_hci.o(i.APP_SleepCloseBackLight_Task)
    APP_TarTempSaveInFlash_Task              0x08001225   Thumb Code    40  app_coder.o(i.APP_TarTempSaveInFlash_Task)
    APP_kalmanFilter_solderingTemp           0x08001255   Thumb Code   110  app_math.o(i.APP_kalmanFilter_solderingTemp)
    APP_shortCircuitProtection               0x080012d5   Thumb Code   374  app_math.o(i.APP_shortCircuitProtection)
    APP_solderingElectricity_Get             0x08001491   Thumb Code    14  app_math.o(i.APP_solderingElectricity_Get)
    Drive_ADCConvert                         0x080014d9   Thumb Code    78  drive_adc.o(i.Drive_ADCConvert)
    Drive_AdcConfig                          0x08001539   Thumb Code   126  drive_adc.o(i.Drive_AdcConfig)
    Drive_AdcGpio_init                       0x080015c9   Thumb Code    30  drive_adc.o(i.Drive_AdcGpio_init)
    Drive_BUTTON_GetState                    0x080015e9   Thumb Code    22  drive_button.o(i.Drive_BUTTON_GetState)
    Drive_BUTTON_Init                        0x08001605   Thumb Code    76  drive_button.o(i.Drive_BUTTON_Init)
    Drive_BackLed_Init                       0x08001659   Thumb Code    58  drive_backled.o(i.Drive_BackLed_Init)
    Drive_BackLed_OnOff                      0x0800169d   Thumb Code    32  drive_backled.o(i.Drive_BackLed_OnOff)
    Drive_Buz_Init                           0x080016c1   Thumb Code    60  drive_buz.o(i.Drive_Buz_Init)
    Drive_Buz_OnOff                          0x08001701   Thumb Code   242  app_buzmusic.o(i.Drive_Buz_OnOff)
    Drive_DisplayLcd_Gpio_Init               0x0800180d   Thumb Code   108  drive_desplaylcd.o(i.Drive_DisplayLcd_Gpio_Init)
    Drive_DisplayLcd_Init                    0x08001881   Thumb Code    26  drive_desplaylcd.o(i.Drive_DisplayLcd_Init)
    Drive_DisplayLcd_sendData_Task           0x08001965   Thumb Code    36  drive_desplaylcd.o(i.Drive_DisplayLcd_sendData_Task)
    Drive_Encoder_Init                       0x080019e9   Thumb Code    78  drive_encoder.o(i.Drive_Encoder_Init)
    Drive_FlashBlank                         0x08001a45   Thumb Code    30  drive_flash.o(i.Drive_FlashBlank)
    Drive_FlashErase                         0x08001a69   Thumb Code    52  drive_flash.o(i.Drive_FlashErase)
    Drive_FlashProgram                       0x08001aa1   Thumb Code    96  drive_flash.o(i.Drive_FlashProgram)
    Drive_FlashSaveData                      0x08001bcd   Thumb Code    30  drive_flash.o(i.Drive_FlashSaveData)
    Drive_FlashSaveData_addr                 0x08001bfd   Thumb Code    48  drive_flash.o(i.Drive_FlashSaveData_addr)
    Drive_FlashSaveInit                      0x08001c31   Thumb Code    24  drive_flash.o(i.Drive_FlashSaveInit)
    Drive_Iwdg_init                          0x08001cc9   Thumb Code    46  drive_iwdg.o(i.Drive_Iwdg_init)
    Drive_Lcd_AllIcon_init                   0x08001d09   Thumb Code   142  app_displaylcd.o(i.Drive_Lcd_AllIcon_init)
    Drive_MosSwitch210_PWMOut                0x08001dcd   Thumb Code    64  drive_mosswitch.o(i.Drive_MosSwitch210_PWMOut)
    Drive_MosSwitch245_PWMOut                0x08001e15   Thumb Code    66  drive_mosswitch.o(i.Drive_MosSwitch245_PWMOut)
    Drive_MosSwitch_OFF                      0x08001e61   Thumb Code    60  drive_mosswitch.o(i.Drive_MosSwitch_OFF)
    Drive_MosSwitch_SetDuty                  0x08001ea1   Thumb Code     6  drive_mosswitch.o(i.Drive_MosSwitch_SetDuty)
    Drive_Sleep_GetState                     0x08001ead   Thumb Code    24  drive_button.o(i.Drive_Sleep_GetState)
    Drive_SystemClockConfig                  0x08001ec5   Thumb Code    98  drive_clock.o(i.Drive_SystemClockConfig)
    EXTI4_15_IRQHandler                      0x08001fb9   Thumb Code   104  drive_encoder.o(i.EXTI4_15_IRQHandler)
    FIR_LowpassFilter                        0x08002035   Thumb Code   104  app_math.o(i.FIR_LowpassFilter)
    GetLoadCurrent                           0x08002175   Thumb Code    54  app_math.o(i.GetLoadCurrent)
    HAL_ADC_Calibration_SingleStart          0x080021b9   Thumb Code   158  py32f0xx_hal_adc.o(i.HAL_ADC_Calibration_SingleStart)
    HAL_ADC_Calibration_Start                0x08002259   Thumb Code    76  py32f0xx_hal_adc.o(i.HAL_ADC_Calibration_Start)
    HAL_ADC_ConfigChannel                    0x080022a9   Thumb Code   262  py32f0xx_hal_adc.o(i.HAL_ADC_ConfigChannel)
    HAL_ADC_GetValue                         0x080023c1   Thumb Code     6  py32f0xx_hal_adc.o(i.HAL_ADC_GetValue)
    HAL_ADC_Init                             0x080023c9   Thumb Code   350  py32f0xx_hal_adc.o(i.HAL_ADC_Init)
    HAL_ADC_MspInit                          0x08002531   Thumb Code   148  py32f0xx_hal_msp.o(i.HAL_ADC_MspInit)
    HAL_ADC_PollForConversion                0x080025d1   Thumb Code   190  py32f0xx_hal_adc.o(i.HAL_ADC_PollForConversion)
    HAL_ADC_Start                            0x08002691   Thumb Code    82  py32f0xx_hal_adc.o(i.HAL_ADC_Start)
    HAL_DMA_DeInit                           0x080026e9   Thumb Code    86  py32f0xx_hal_dma.o(i.HAL_DMA_DeInit)
    HAL_DMA_Init                             0x08002749   Thumb Code    90  py32f0xx_hal_dma.o(i.HAL_DMA_Init)
    HAL_Delay                                0x080027b1   Thumb Code    32  py32f0xx_hal.o(i.HAL_Delay)
    HAL_FLASH_Erase                          0x080027d5   Thumb Code   408  py32f0xx_hal_flash.o(i.HAL_FLASH_Erase)
    HAL_FLASH_Lock                           0x08002981   Thumb Code    22  py32f0xx_hal_flash.o(i.HAL_FLASH_Lock)
    HAL_FLASH_Program                        0x0800299d   Thumb Code   246  py32f0xx_hal_flash.o(i.HAL_FLASH_Program)
    HAL_FLASH_Unlock                         0x08002aa9   Thumb Code    28  py32f0xx_hal_flash.o(i.HAL_FLASH_Unlock)
    HAL_GPIO_Init                            0x08002ad1   Thumb Code   268  py32f0xx_hal_gpio.o(i.HAL_GPIO_Init)
    HAL_GPIO_ReadPin                         0x08002be5   Thumb Code    14  py32f0xx_hal_gpio.o(i.HAL_GPIO_ReadPin)
    HAL_GPIO_WritePin                        0x08002bf3   Thumb Code    12  py32f0xx_hal_gpio.o(i.HAL_GPIO_WritePin)
    HAL_GetTick                              0x08002c01   Thumb Code     6  py32f0xx_hal.o(i.HAL_GetTick)
    HAL_IWDG_Init                            0x08002c0d   Thumb Code    76  py32f0xx_hal_iwdg.o(i.HAL_IWDG_Init)
    HAL_IWDG_Refresh                         0x08002c65   Thumb Code    10  py32f0xx_hal_iwdg.o(i.HAL_IWDG_Refresh)
    HAL_IncTick                              0x08002c75   Thumb Code    12  py32f0xx_hal.o(i.HAL_IncTick)
    HAL_Init                                 0x08002c85   Thumb Code    26  py32f0xx_hal.o(i.HAL_Init)
    HAL_InitTick                             0x08002ca1   Thumb Code    56  py32f0xx_hal.o(i.HAL_InitTick)
    HAL_MspInit                              0x08002ce1   Thumb Code     2  py32f0xx_hal_msp.o(i.HAL_MspInit)
    HAL_NVIC_EnableIRQ                       0x08002ce5   Thumb Code    14  py32f0xx_hal_cortex.o(i.HAL_NVIC_EnableIRQ)
    HAL_NVIC_SetPriority                     0x08002cf9   Thumb Code     8  py32f0xx_hal_cortex.o(i.HAL_NVIC_SetPriority)
    HAL_RCC_ClockConfig                      0x08002d01   Thumb Code   320  py32f0xx_hal_rcc.o(i.HAL_RCC_ClockConfig)
    HAL_RCC_GetSysClockFreq                  0x08002e59   Thumb Code    94  py32f0xx_hal_rcc.o(i.HAL_RCC_GetSysClockFreq)
    HAL_RCC_OscConfig                        0x08002ec5   Thumb Code   550  py32f0xx_hal_rcc.o(i.HAL_RCC_OscConfig)
    HAL_SYSCFG_DMA_Req                       0x080030fd   Thumb Code    10  py32f0xx_hal.o(i.HAL_SYSCFG_DMA_Req)
    HAL_SYSTICK_Config                       0x0800310d   Thumb Code    38  py32f0xx_hal_cortex.o(i.HAL_SYSTICK_Config)
    HAL_TIM_Base_Init                        0x0800313d   Thumb Code    54  py32f0xx_hal_tim.o(i.HAL_TIM_Base_Init)
    HAL_TIM_Base_MspInit                     0x08003173   Thumb Code     2  py32f0xx_hal_tim.o(i.HAL_TIM_Base_MspInit)
    HAL_TIM_PWM_ConfigChannel                0x08003175   Thumb Code   224  py32f0xx_hal_tim.o(i.HAL_TIM_PWM_ConfigChannel)
    HAL_TIM_PWM_Start                        0x08003255   Thumb Code    66  py32f0xx_hal_tim.o(i.HAL_TIM_PWM_Start)
    HAL_UART_ErrorCallback                   0x080032a5   Thumb Code    44  drive_uart.o(i.HAL_UART_ErrorCallback)
    HardFault_Handler                        0x080032d1   Thumb Code     2  py32f0xx_it.o(i.HardFault_Handler)
    Lcd_icon_onOff                           0x08003551   Thumb Code    64  app_displaylcd.o(i.Lcd_icon_onOff)
    Lcd_smgDowm3_DisplayOnOff                0x080035d9   Thumb Code    22  app_displaylcd.o(i.Lcd_smgDowm3_DisplayOnOff)
    Lcd_smgDowm3_SetErrorNum                 0x080035f1   Thumb Code   114  app_displaylcd.o(i.Lcd_smgDowm3_SetErrorNum)
    Lcd_smgDowm3_SetNimus                    0x08003669   Thumb Code    42  app_displaylcd.o(i.Lcd_smgDowm3_SetNimus)
    Lcd_smgDowm3_SetNum                      0x08003699   Thumb Code    22  app_displaylcd.o(i.Lcd_smgDowm3_SetNum)
    Lcd_smgUp3_SetNum                        0x080036b1   Thumb Code    60  app_displaylcd.o(i.Lcd_smgUp3_SetNum)
    Lcd_smgUp3_SetPNum                       0x080036f1   Thumb Code    30  app_displaylcd.o(i.Lcd_smgUp3_SetPNum)
    LimitFilter                              0x08003715   Thumb Code    64  app_math.o(i.LimitFilter)
    NMI_Handler                              0x0800375d   Thumb Code     2  py32f0xx_it.o(i.NMI_Handler)
    PendSV_Handler                           0x080037a5   Thumb Code     2  py32f0xx_it.o(i.PendSV_Handler)
    SVC_Handler                              0x080037a7   Thumb Code     2  py32f0xx_it.o(i.SVC_Handler)
    SysTick_Handler                          0x080037a9   Thumb Code     8  py32f0xx_it.o(i.SysTick_Handler)
    SystemInit                               0x080037b1   Thumb Code    34  system_py32f0xx.o(i.SystemInit)
    TIM_Base_SetConfig                       0x080037e1   Thumb Code   102  py32f0xx_hal_tim.o(i.TIM_Base_SetConfig)
    TIM_CCxChannelCmd                        0x0800385d   Thumb Code    26  py32f0xx_hal_tim.o(i.TIM_CCxChannelCmd)
    TIM_OC2_SetConfig                        0x080038f5   Thumb Code   116  py32f0xx_hal_tim.o(i.TIM_OC2_SetConfig)
    USART1_IRQHandler                        0x08003a5d   Thumb Code    34  drive_uart.o(i.USART1_IRQHandler)
    __ARM_common_switch8                     0x08003a85   Thumb Code    26  py32f0xx_hal_dma.o(i.__ARM_common_switch8)
    app_ButtonCheck_Task                     0x08003aa1   Thumb Code    52  app_coder.o(i.app_ButtonCheck_Task)
    app_ButtonScan                           0x08003b35   Thumb Code    82  app_coder.o(i.app_ButtonScan)
    app_Buz_Task                             0x08003b91   Thumb Code    96  app_buzmusic.o(i.app_Buz_Task)
    app_DisplayFilter_RC                     0x08003bf5   Thumb Code   232  app_math.o(i.app_DisplayFilter_RC)
    app_DisplayFilter_kalman                 0x08003d01   Thumb Code   250  app_math.o(i.app_DisplayFilter_kalman)
    app_EncoderSetData_LcdSettingPage        0x08003e0d   Thumb Code   212  app_hci.o(i.app_EncoderSetData_LcdSettingPage)
    app_Encoder_FastSetTemp                  0x08003ee5   Thumb Code   112  app_hci.o(i.app_Encoder_FastSetTemp)
    app_Encoder_Task                         0x08003f5d   Thumb Code    34  app_coder.o(i.app_Encoder_Task)
    app_GetAdcVlaue_electricity_Task         0x0800400d   Thumb Code    12  app_math.o(i.app_GetAdcVlaue_electricity_Task)
    app_IconBlink_Task                       0x08004119   Thumb Code    60  app_hci.o(i.app_IconBlink_Task)
    app_LcdCommonMode                        0x08004191   Thumb Code   158  app_hci.o(i.app_LcdCommonMode)
    app_Lcd_DisplayPNumber_SettingPage       0x08004235   Thumb Code   200  app_hci.o(i.app_Lcd_DisplayPNumber_SettingPage)
    app_Lcd_SleepStateCheck_Task             0x08004301   Thumb Code   206  app_hci.o(i.app_Lcd_SleepStateCheck_Task)
    app_Lcd_SolderingIcon_Blink_Task         0x080043e1   Thumb Code   212  app_hci.o(i.app_Lcd_SolderingIcon_Blink_Task)
    app_PcbTempProtect_Task                  0x080044cd   Thumb Code    30  app_math.o(i.app_PcbTempProtect_Task)
    app_Samp_electricity_Task                0x080044f5   Thumb Code    90  app_math.o(i.app_Samp_electricity_Task)
    app_SolderingTempDisplay                 0x0800455d   Thumb Code   258  app_hci.o(i.app_SolderingTempDisplay)
    app_exitSeting_Lcd                       0x0800466d   Thumb Code   104  app_hci.o(i.app_exitSeting_Lcd)
    app_joinSeting_Lcd                       0x080046f5   Thumb Code   180  app_hci.o(i.app_joinSeting_Lcd)
    app_pidControl                           0x080047ad   Thumb Code   252  app_pid.o(i.app_pidControl)
    app_pidOutCmd                            0x080048b9   Thumb Code    30  app_pid.o(i.app_pidOutCmd)
    app_pid_Task                             0x0800491d   Thumb Code    34  app_math.o(i.app_pid_Task)
    app_solderingT115_adcTurnToTemp          0x080049b9   Thumb Code    98  app_math.o(i.app_solderingT115_adcTurnToTemp)
    app_solderingT210_adcTurnToTemp          0x08004a3d   Thumb Code    98  app_math.o(i.app_solderingT210_adcTurnToTemp)
    app_soldering_T12_adcTurnToTemp          0x08004ac1   Thumb Code    32  app_math.o(i.app_soldering_T12_adcTurnToTemp)
    app_timeSlice_Task                       0x08004af1   Thumb Code   152  app_timeslice.o(i.app_timeSlice_Task)
    arm_fir_f32                              0x08004b95   Thumb Code   136  arm_fir_f32.o(i.arm_fir_f32)
    $Super$$main                             0x08004c75   Thumb Code   104  main.o(i.main)
    __aeabi_fadd                             0x080051ed   Thumb Code     0  faddsub.o(x$fpl$fadd)
    _fadd                                    0x080051ed   Thumb Code   134  faddsub.o(x$fpl$fadd)
    __aeabi_cfcmple                          0x08005279   Thumb Code     0  flef.o(x$fpl$fleqf)
    _fcmple                                  0x08005279   Thumb Code    78  flef.o(x$fpl$fleqf)
    __aeabi_fmul                             0x080052cd   Thumb Code     0  fmul.o(x$fpl$fmul)
    _fmul                                    0x080052cd   Thumb Code   172  fmul.o(x$fpl$fmul)
    __aeabi_cfrcmple                         0x0800537d   Thumb Code     0  frlef.o(x$fpl$frleqf)
    _frcmple                                 0x0800537d   Thumb Code    84  frlef.o(x$fpl$frleqf)
    __aeabi_frsub                            0x080053d5   Thumb Code     0  faddsub.o(x$fpl$frsb)
    _frsb                                    0x080053d5   Thumb Code    24  faddsub.o(x$fpl$frsb)
    __aeabi_fsub                             0x080053ed   Thumb Code     0  faddsub.o(x$fpl$fsub)
    _fsub                                    0x080053ed   Thumb Code   204  faddsub.o(x$fpl$fsub)
    _FlashTimmingParam                       0x080054bc   Data          32  py32f0xx_hal_flash.o(.constdata)
    __I$use$fp                               0x080054bc   Number         0  usenofp.o(x$fpl$usenofp)
    AHBPrescTable                            0x080054f0   Data          64  system_py32f0xx.o(.constdata)
    HSIFreqTable                             0x08005530   Data          32  system_py32f0xx.o(.constdata)
    Region$$Table$$Base                      0x08005590   Number         0  anon$$obj.o(Region$$Table)
    Region$$Table$$Limit                     0x080055b0   Number         0  anon$$obj.o(Region$$Table)
    VECT_SRAM_TAB                            0x20000000   Data         192  system_py32f0xx.o(.ARM.__at_0x20000000)
    uwTickPrio                               0x200000cc   Data           4  py32f0xx_hal.o(.data)
    uwTickFreq                               0x200000d0   Data           4  py32f0xx_hal.o(.data)
    uwTick                                   0x200000d4   Data           4  py32f0xx_hal.o(.data)
    Lcd_smgArray_Up                          0x200000d8   Data           3  app_displaylcd.o(.data)
    Lcd_smgArray_Dowm                        0x200000db   Data           3  app_displaylcd.o(.data)
    smg_hexArray                             0x200000de   Data          16  app_displaylcd.o(.data)
    firCoeffs                                0x20000104   Data          16  app_math.o(.data)
    fir_instance_Ntc                         0x20000120   Data          12  app_math.o(.data)
    fir_instance_adc                         0x2000012c   Data          12  app_math.o(.data)
    dingdong                                 0x20000202   Data           4  app_buzmusic.o(.data)
    dongding                                 0x20000206   Data           6  app_buzmusic.o(.data)
    doromi                                   0x2000020c   Data           6  app_buzmusic.o(.data)
    mirodo                                   0x20000212   Data           6  app_buzmusic.o(.data)
    Castle_in_the_Sky_music                  0x20000218   Data         182  app_buzmusic.o(.data)
    dingdongdiangdang                        0x200002ce   Data          12  app_buzmusic.o(.data)
    doromifasolasi                           0x200002da   Data          18  app_buzmusic.o(.data)
    silasofamirodo                           0x200002ec   Data          14  app_buzmusic.o(.data)
    SystemCoreClock                          0x20000308   Data           4  system_py32f0xx.o(.data)
    AllStatus_S                              0x20000310   Data         248  main.o(.data)
    sConfig_ADC                              0x20000408   Data          12  drive_adc.o(.bss)
    AdcHandle                                0x20000414   Data          64  drive_adc.o(.bss)
    UartHandle                               0x20000454   Data          76  drive_uart.o(.bss)
    TimHandle                                0x200004a0   Data          64  drive_mosswitch.o(.bss)
    sConfig                                  0x200004e0   Data          28  drive_mosswitch.o(.bss)
    displayMemory                            0x200004fc   Data          14  drive_desplaylcd.o(.bss)
    IwdgHandle                               0x2000050c   Data          12  drive_iwdg.o(.bss)
    pFlash                                   0x20000518   Data          24  py32f0xx_hal_flash.o(.bss)
    firState_Ntc                             0x20000530   Data          16  app_math.o(.bss)
    firState_adc                             0x20000540   Data          16  app_math.o(.bss)
    __libspace_start                         0x200005cc   Data          96  libspace.o(.bss)
    __temporary_stack_top$libspace           0x2000062c   Data           0  libspace.o(.bss)



==============================================================================

Memory Map of the image

  Image Entry point : 0x080000c1

  Load Region LR_IROM1 (Base: 0x08000000, Size: 0x000059b8, Max: 0x00010000, ABSOLUTE, COMPRESSED[0x000056a4])

    Execution Region ER_IROM1 (Exec base: 0x08000000, Load base: 0x08000000, Size: 0x000055b0, Max: 0x00010000, ABSOLUTE)

    Exec Addr    Load Addr    Size         Type   Attr      Idx    E Section Name        Object

    0x08000000   0x08000000   0x000000c0   Data   RO         3993    RESET               startup_py32f003xx.o
    0x080000c0   0x080000c0   0x00000008   Code   RO         4073  * !!!main             c_p.l(__main.o)
    0x080000c8   0x080000c8   0x0000003c   Code   RO         4286    !!!scatter          c_p.l(__scatter.o)
    0x08000104   0x08000104   0x0000001c   Code   RO         4288    !!handler_zi        c_p.l(__scatter_zi.o)
    0x08000120   0x08000120   0x00000002   Code   RO         4149    .ARM.Collect$$libinit$$00000000  c_p.l(libinit.o)
    0x08000122   0x08000122   0x00000000   Code   RO         4165    .ARM.Collect$$libinit$$00000002  c_p.l(libinit2.o)
    0x08000122   0x08000122   0x00000000   Code   RO         4167    .ARM.Collect$$libinit$$00000004  c_p.l(libinit2.o)
    0x08000122   0x08000122   0x00000000   Code   RO         4170    .ARM.Collect$$libinit$$0000000A  c_p.l(libinit2.o)
    0x08000122   0x08000122   0x00000000   Code   RO         4172    .ARM.Collect$$libinit$$0000000C  c_p.l(libinit2.o)
    0x08000122   0x08000122   0x00000000   Code   RO         4174    .ARM.Collect$$libinit$$0000000E  c_p.l(libinit2.o)
    0x08000122   0x08000122   0x00000000   Code   RO         4177    .ARM.Collect$$libinit$$00000011  c_p.l(libinit2.o)
    0x08000122   0x08000122   0x00000000   Code   RO         4179    .ARM.Collect$$libinit$$00000013  c_p.l(libinit2.o)
    0x08000122   0x08000122   0x00000000   Code   RO         4181    .ARM.Collect$$libinit$$00000015  c_p.l(libinit2.o)
    0x08000122   0x08000122   0x00000000   Code   RO         4183    .ARM.Collect$$libinit$$00000017  c_p.l(libinit2.o)
    0x08000122   0x08000122   0x00000000   Code   RO         4185    .ARM.Collect$$libinit$$00000019  c_p.l(libinit2.o)
    0x08000122   0x08000122   0x00000000   Code   RO         4187    .ARM.Collect$$libinit$$0000001B  c_p.l(libinit2.o)
    0x08000122   0x08000122   0x00000000   Code   RO         4189    .ARM.Collect$$libinit$$0000001D  c_p.l(libinit2.o)
    0x08000122   0x08000122   0x00000000   Code   RO         4191    .ARM.Collect$$libinit$$0000001F  c_p.l(libinit2.o)
    0x08000122   0x08000122   0x00000000   Code   RO         4193    .ARM.Collect$$libinit$$00000021  c_p.l(libinit2.o)
    0x08000122   0x08000122   0x00000000   Code   RO         4195    .ARM.Collect$$libinit$$00000023  c_p.l(libinit2.o)
    0x08000122   0x08000122   0x00000000   Code   RO         4197    .ARM.Collect$$libinit$$00000025  c_p.l(libinit2.o)
    0x08000122   0x08000122   0x00000000   Code   RO         4201    .ARM.Collect$$libinit$$0000002C  c_p.l(libinit2.o)
    0x08000122   0x08000122   0x00000000   Code   RO         4203    .ARM.Collect$$libinit$$0000002E  c_p.l(libinit2.o)
    0x08000122   0x08000122   0x00000000   Code   RO         4205    .ARM.Collect$$libinit$$00000030  c_p.l(libinit2.o)
    0x08000122   0x08000122   0x00000000   Code   RO         4207    .ARM.Collect$$libinit$$00000032  c_p.l(libinit2.o)
    0x08000122   0x08000122   0x00000002   Code   RO         4208    .ARM.Collect$$libinit$$00000033  c_p.l(libinit2.o)
    0x08000124   0x08000124   0x00000002   Code   RO         4239    .ARM.Collect$$libshutdown$$00000000  c_p.l(libshutdown.o)
    0x08000126   0x08000126   0x00000000   Code   RO         4265    .ARM.Collect$$libshutdown$$00000002  c_p.l(libshutdown2.o)
    0x08000126   0x08000126   0x00000000   Code   RO         4267    .ARM.Collect$$libshutdown$$00000004  c_p.l(libshutdown2.o)
    0x08000126   0x08000126   0x00000000   Code   RO         4269    .ARM.Collect$$libshutdown$$00000006  c_p.l(libshutdown2.o)
    0x08000126   0x08000126   0x00000000   Code   RO         4272    .ARM.Collect$$libshutdown$$00000009  c_p.l(libshutdown2.o)
    0x08000126   0x08000126   0x00000000   Code   RO         4275    .ARM.Collect$$libshutdown$$0000000C  c_p.l(libshutdown2.o)
    0x08000126   0x08000126   0x00000000   Code   RO         4277    .ARM.Collect$$libshutdown$$0000000E  c_p.l(libshutdown2.o)
    0x08000126   0x08000126   0x00000000   Code   RO         4280    .ARM.Collect$$libshutdown$$00000011  c_p.l(libshutdown2.o)
    0x08000126   0x08000126   0x00000002   Code   RO         4281    .ARM.Collect$$libshutdown$$00000012  c_p.l(libshutdown2.o)
    0x08000128   0x08000128   0x00000000   Code   RO         4106    .ARM.Collect$$rtentry$$00000000  c_p.l(__rtentry.o)
    0x08000128   0x08000128   0x00000000   Code   RO         4115    .ARM.Collect$$rtentry$$00000002  c_p.l(__rtentry2.o)
    0x08000128   0x08000128   0x00000006   Code   RO         4127    .ARM.Collect$$rtentry$$00000004  c_p.l(__rtentry4.o)
    0x0800012e   0x0800012e   0x00000000   Code   RO         4117    .ARM.Collect$$rtentry$$00000009  c_p.l(__rtentry2.o)
    0x0800012e   0x0800012e   0x00000004   Code   RO         4118    .ARM.Collect$$rtentry$$0000000A  c_p.l(__rtentry2.o)
    0x08000132   0x08000132   0x00000000   Code   RO         4120    .ARM.Collect$$rtentry$$0000000C  c_p.l(__rtentry2.o)
    0x08000132   0x08000132   0x00000008   Code   RO         4121    .ARM.Collect$$rtentry$$0000000D  c_p.l(__rtentry2.o)
    0x0800013a   0x0800013a   0x00000002   Code   RO         4156    .ARM.Collect$$rtexit$$00000000  c_p.l(rtexit.o)
    0x0800013c   0x0800013c   0x00000000   Code   RO         4212    .ARM.Collect$$rtexit$$00000002  c_p.l(rtexit2.o)
    0x0800013c   0x0800013c   0x00000004   Code   RO         4213    .ARM.Collect$$rtexit$$00000003  c_p.l(rtexit2.o)
    0x08000140   0x08000140   0x00000006   Code   RO         4214    .ARM.Collect$$rtexit$$00000004  c_p.l(rtexit2.o)
    0x08000146   0x08000146   0x00000002   PAD
    0x08000148   0x08000148   0x00000038   Code   RO         4061    .emb_text           c_p.l(rt_memcpy.o)
    0x08000180   0x08000180   0x00000034   Code   RO         3994    .text               startup_py32f003xx.o
    0x080001b4   0x080001b4   0x0000005a   Code   RO         4059    .text               c_p.l(memcmp.o)
    0x0800020e   0x0800020e   0x00000040   Code   RO         4065    .text               c_p.l(rt_memclr.o)
    0x0800024e   0x0800024e   0x0000015a   Code   RO         4067    .text               c_p.l(aeabi_sdiv.o)
    0x080003a8   0x080003a8   0x00000006   Code   RO         4071    .text               c_p.l(heapauxi.o)
    0x080003ae   0x080003ae   0x00000002   PAD
    0x080003b0   0x080003b0   0x0000007c   Code   RO         4075    .text               fz_ps.l(d2f.o)
    0x0800042c   0x0800042c   0x00000358   Code   RO         4077    .text               fz_ps.l(daddsub.o)
    0x08000784   0x08000784   0x00000058   Code   RO         4079    .text               fz_ps.l(dflti.o)
    0x080007dc   0x080007dc   0x00000248   Code   RO         4081    .text               fz_ps.l(dmul.o)
    0x08000a24   0x08000a24   0x00000054   Code   RO         4083    .text               fz_ps.l(f2d.o)
    0x08000a78   0x08000a78   0x00000160   Code   RO         4091    .text               fz_ps.l(fdiv.o)
    0x08000bd8   0x08000bd8   0x00000030   Code   RO         4094    .text               fz_ps.l(ffixui.o)
    0x08000c08   0x08000c08   0x0000005e   Code   RO         4096    .text               fz_ps.l(fflti.o)
    0x08000c66   0x08000c66   0x00000002   PAD
    0x08000c68   0x08000c68   0x00000044   Code   RO         4104    .text               fz_ps.l(fscalbn.o)
    0x08000cac   0x08000cac   0x00000064   Code   RO         4111    .text               fz_ps.l(fcmpin.o)
    0x08000d10   0x08000d10   0x0000002e   Code   RO         4131    .text               fz_ps.l(cmpret.o)
    0x08000d3e   0x08000d3e   0x00000002   PAD
    0x08000d40   0x08000d40   0x00000010   Code   RO         4133    .text               fz_ps.l(fnan2.o)
    0x08000d50   0x08000d50   0x0000003e   Code   RO         4135    .text               c_p.l(sys_stackheap_outer.o)
    0x08000d8e   0x08000d8e   0x00000010   Code   RO         4138    .text               c_p.l(exit.o)
    0x08000d9e   0x08000d9e   0x0000005e   Code   RO         4150    .text               fz_ps.l(retnan.o)
    0x08000dfc   0x08000dfc   0x00000008   Code   RO         4152    .text               c_p.l(libspace.o)
    0x08000e04   0x08000e04   0x0000000c   Code   RO         4209    .text               c_p.l(sys_exit.o)
    0x08000e10   0x08000e10   0x00000002   Code   RO         4228    .text               c_p.l(use_no_semi.o)
    0x08000e12   0x08000e12   0x00000000   Code   RO         4230    .text               c_p.l(indicate_semi.o)
    0x08000e12   0x08000e12   0x00000056   Code   RO         4284    .text               c_p.l(__dczerorl2.o)
    0x08000e68   0x08000e68   0x00000030   Code   RO         3952    i.$Sub$$main        system_py32f0xx.o
    0x08000e98   0x08000e98   0x00000060   Code   RO          874    i.ADC_Enable        py32f0xx_hal_adc.o
    0x08000ef8   0x08000ef8   0x00000036   Code   RO          875    i.ADC_QuickSort     py32f0xx_hal_adc.o
    0x08000f2e   0x08000f2e   0x00000002   PAD
    0x08000f30   0x08000f30   0x000000e0   Code   RO         4000    i.APP_ErrorHandler  main.o
    0x08001010   0x08001010   0x00000018   Code   RO         3406    i.APP_FirFilter_NtcTemp  app_math.o
    0x08001028   0x08001028   0x00000054   Code   RO         3407    i.APP_GetElectricity_soft_Task  app_math.o
    0x0800107c   0x0800107c   0x00000058   Code   RO         3408    i.APP_KalmanFilter_Ele  app_math.o
    0x080010d4   0x080010d4   0x00000068   Code   RO         3409    i.APP_KalmanFilter_Power  app_math.o
    0x0800113c   0x0800113c   0x00000050   Code   RO         3411    i.APP_PcbNtc_adcTurnToTemp  app_math.o
    0x0800118c   0x0800118c   0x00000058   Code   RO         3412    i.APP_Power_complementaryFilter_Task  app_math.o
    0x080011e4   0x080011e4   0x00000040   Code   RO         3671    i.APP_SleepCloseBackLight_Task  app_hci.o
    0x08001224   0x08001224   0x00000030   Code   RO         3621    i.APP_TarTempSaveInFlash_Task  app_coder.o
    0x08001254   0x08001254   0x00000080   Code   RO         3413    i.APP_kalmanFilter_solderingTemp  app_math.o
    0x080012d4   0x080012d4   0x000001bc   Code   RO         3414    i.APP_shortCircuitProtection  app_math.o
    0x08001490   0x08001490   0x00000014   Code   RO         3415    i.APP_solderingElectricity_Get  app_math.o
    0x080014a4   0x080014a4   0x00000034   Code   RO          528    i.DisplayLcd_CsColse  drive_desplaylcd.o
    0x080014d8   0x080014d8   0x00000060   Code   RO          182    i.Drive_ADCConvert  drive_adc.o
    0x08001538   0x08001538   0x00000090   Code   RO          183    i.Drive_AdcConfig   drive_adc.o
    0x080015c8   0x080015c8   0x0000001e   Code   RO          184    i.Drive_AdcGpio_init  drive_adc.o
    0x080015e6   0x080015e6   0x00000002   PAD
    0x080015e8   0x080015e8   0x0000001c   Code   RO          374    i.Drive_BUTTON_GetState  drive_button.o
    0x08001604   0x08001604   0x00000054   Code   RO          375    i.Drive_BUTTON_Init  drive_button.o
    0x08001658   0x08001658   0x00000044   Code   RO          591    i.Drive_BackLed_Init  drive_backled.o
    0x0800169c   0x0800169c   0x00000024   Code   RO          592    i.Drive_BackLed_OnOff  drive_backled.o
    0x080016c0   0x080016c0   0x00000040   Code   RO          407    i.Drive_Buz_Init    drive_buz.o
    0x08001700   0x08001700   0x0000010c   Code   RO         3757    i.Drive_Buz_OnOff   app_buzmusic.o
    0x0800180c   0x0800180c   0x00000074   Code   RO          529    i.Drive_DisplayLcd_Gpio_Init  drive_desplaylcd.o
    0x08001880   0x08001880   0x00000020   Code   RO          530    i.Drive_DisplayLcd_Init  drive_desplaylcd.o
    0x080018a0   0x080018a0   0x00000064   Code   RO          531    i.Drive_DisplayLcd_SendCmd  drive_desplaylcd.o
    0x08001904   0x08001904   0x0000000e   Code   RO          532    i.Drive_DisplayLcd_delay  drive_desplaylcd.o
    0x08001912   0x08001912   0x00000002   PAD
    0x08001914   0x08001914   0x00000050   Code   RO          533    i.Drive_DisplayLcd_sendAddr  drive_desplaylcd.o
    0x08001964   0x08001964   0x00000024   Code   RO          534    i.Drive_DisplayLcd_sendData_Task  drive_desplaylcd.o
    0x08001988   0x08001988   0x00000060   Code   RO          535    i.Drive_DisplayLcd_sendMessage  drive_desplaylcd.o
    0x080019e8   0x080019e8   0x0000005c   Code   RO          445    i.Drive_Encoder_Init  drive_encoder.o
    0x08001a44   0x08001a44   0x00000024   Code   RO          644    i.Drive_FlashBlank  drive_flash.o
    0x08001a68   0x08001a68   0x00000038   Code   RO          645    i.Drive_FlashErase  drive_flash.o
    0x08001aa0   0x08001aa0   0x00000064   Code   RO          646    i.Drive_FlashProgram  drive_flash.o
    0x08001b04   0x08001b04   0x0000002c   Code   RO          647    i.Drive_FlashProgramWithCheck  drive_flash.o
    0x08001b30   0x08001b30   0x0000009c   Code   RO          648    i.Drive_FlashRed    drive_flash.o
    0x08001bcc   0x08001bcc   0x00000030   Code   RO          649    i.Drive_FlashSaveData  drive_flash.o
    0x08001bfc   0x08001bfc   0x00000034   Code   RO          650    i.Drive_FlashSaveData_addr  drive_flash.o
    0x08001c30   0x08001c30   0x0000001c   Code   RO          651    i.Drive_FlashSaveInit  drive_flash.o
    0x08001c4c   0x08001c4c   0x0000007c   Code   RO          652    i.Drive_FlashVerify  drive_flash.o
    0x08001cc8   0x08001cc8   0x00000040   Code   RO          617    i.Drive_Iwdg_init   drive_iwdg.o
    0x08001d08   0x08001d08   0x00000098   Code   RO         3205    i.Drive_Lcd_AllIcon_init  app_displaylcd.o
    0x08001da0   0x08001da0   0x0000002c   Code   RO          472    i.Drive_MosPWMoutMode  drive_mosswitch.o
    0x08001dcc   0x08001dcc   0x00000048   Code   RO          473    i.Drive_MosSwitch210_PWMOut  drive_mosswitch.o
    0x08001e14   0x08001e14   0x0000004c   Code   RO          474    i.Drive_MosSwitch245_PWMOut  drive_mosswitch.o
    0x08001e60   0x08001e60   0x00000040   Code   RO          475    i.Drive_MosSwitch_OFF  drive_mosswitch.o
    0x08001ea0   0x08001ea0   0x0000000c   Code   RO          476    i.Drive_MosSwitch_SetDuty  drive_mosswitch.o
    0x08001eac   0x08001eac   0x00000018   Code   RO          376    i.Drive_Sleep_GetState  drive_button.o
    0x08001ec4   0x08001ec4   0x00000068   Code   RO          297    i.Drive_SystemClockConfig  drive_clock.o
    0x08001f2c   0x08001f2c   0x00000054   Code   RO          477    i.Drive_TIM3_INIT   drive_mosswitch.o
    0x08001f80   0x08001f80   0x00000038   Code   RO          478    i.Drive_TIM3_PWM    drive_mosswitch.o
    0x08001fb8   0x08001fb8   0x0000007c   Code   RO          446    i.EXTI4_15_IRQHandler  drive_encoder.o
    0x08002034   0x08002034   0x00000078   Code   RO         3417    i.FIR_LowpassFilter  app_math.o
    0x080020ac   0x080020ac   0x00000024   Code   RO         1309    i.FLASH_MassErase   py32f0xx_hal_flash.o
    0x080020d0   0x080020d0   0x00000020   Code   RO         1313    i.FLASH_PageErase   py32f0xx_hal_flash.o
    0x080020f0   0x080020f0   0x0000003c   Code   RO         1314    i.FLASH_Program_Page  py32f0xx_hal_flash.o
    0x0800212c   0x0800212c   0x00000014   Code   RO         1315    i.FLASH_SectorErase  py32f0xx_hal_flash.o
    0x08002140   0x08002140   0x00000034   Code   RO         1316    i.FLASH_WaitForLastOperation  py32f0xx_hal_flash.o
    0x08002174   0x08002174   0x00000044   Code   RO         3418    i.GetLoadCurrent    app_math.o
    0x080021b8   0x080021b8   0x0000009e   Code   RO          877    i.HAL_ADC_Calibration_SingleStart  py32f0xx_hal_adc.o
    0x08002256   0x08002256   0x00000002   PAD
    0x08002258   0x08002258   0x00000050   Code   RO          878    i.HAL_ADC_Calibration_Start  py32f0xx_hal_adc.o
    0x080022a8   0x080022a8   0x00000118   Code   RO          879    i.HAL_ADC_ConfigChannel  py32f0xx_hal_adc.o
    0x080023c0   0x080023c0   0x00000006   Code   RO          887    i.HAL_ADC_GetValue  py32f0xx_hal_adc.o
    0x080023c6   0x080023c6   0x00000002   PAD
    0x080023c8   0x080023c8   0x00000168   Code   RO          889    i.HAL_ADC_Init      py32f0xx_hal_adc.o
    0x08002530   0x08002530   0x000000a0   Code   RO         3877    i.HAL_ADC_MspInit   py32f0xx_hal_msp.o
    0x080025d0   0x080025d0   0x000000be   Code   RO          893    i.HAL_ADC_PollForConversion  py32f0xx_hal_adc.o
    0x0800268e   0x0800268e   0x00000002   PAD
    0x08002690   0x08002690   0x00000058   Code   RO          896    i.HAL_ADC_Start     py32f0xx_hal_adc.o
    0x080026e8   0x080026e8   0x00000060   Code   RO         1200    i.HAL_DMA_DeInit    py32f0xx_hal_dma.o
    0x08002748   0x08002748   0x00000068   Code   RO         1204    i.HAL_DMA_Init      py32f0xx_hal_dma.o
    0x080027b0   0x080027b0   0x00000024   Code   RO          720    i.HAL_Delay         py32f0xx_hal.o
    0x080027d4   0x080027d4   0x000001ac   Code   RO         1318    i.HAL_FLASH_Erase   py32f0xx_hal_flash.o
    0x08002980   0x08002980   0x0000001c   Code   RO         1322    i.HAL_FLASH_Lock    py32f0xx_hal_flash.o
    0x0800299c   0x0800299c   0x0000010c   Code   RO         1332    i.HAL_FLASH_Program  py32f0xx_hal_flash.o
    0x08002aa8   0x08002aa8   0x00000028   Code   RO         1334    i.HAL_FLASH_Unlock  py32f0xx_hal_flash.o
    0x08002ad0   0x08002ad0   0x00000114   Code   RO         1481    i.HAL_GPIO_Init     py32f0xx_hal_gpio.o
    0x08002be4   0x08002be4   0x0000000e   Code   RO         1483    i.HAL_GPIO_ReadPin  py32f0xx_hal_gpio.o
    0x08002bf2   0x08002bf2   0x0000000c   Code   RO         1485    i.HAL_GPIO_WritePin  py32f0xx_hal_gpio.o
    0x08002bfe   0x08002bfe   0x00000002   PAD
    0x08002c00   0x08002c00   0x0000000c   Code   RO          724    i.HAL_GetTick       py32f0xx_hal.o
    0x08002c0c   0x08002c0c   0x00000058   Code   RO         1571    i.HAL_IWDG_Init     py32f0xx_hal_iwdg.o
    0x08002c64   0x08002c64   0x00000010   Code   RO         1572    i.HAL_IWDG_Refresh  py32f0xx_hal_iwdg.o
    0x08002c74   0x08002c74   0x00000010   Code   RO          730    i.HAL_IncTick       py32f0xx_hal.o
    0x08002c84   0x08002c84   0x0000001a   Code   RO          731    i.HAL_Init          py32f0xx_hal.o
    0x08002c9e   0x08002c9e   0x00000002   PAD
    0x08002ca0   0x08002ca0   0x00000040   Code   RO          732    i.HAL_InitTick      py32f0xx_hal.o
    0x08002ce0   0x08002ce0   0x00000002   Code   RO         3878    i.HAL_MspInit       py32f0xx_hal_msp.o
    0x08002ce2   0x08002ce2   0x00000002   PAD
    0x08002ce4   0x08002ce4   0x00000014   Code   RO         1090    i.HAL_NVIC_EnableIRQ  py32f0xx_hal_cortex.o
    0x08002cf8   0x08002cf8   0x00000008   Code   RO         1094    i.HAL_NVIC_SetPriority  py32f0xx_hal_cortex.o
    0x08002d00   0x08002d00   0x00000158   Code   RO         1736    i.HAL_RCC_ClockConfig  py32f0xx_hal_rcc.o
    0x08002e58   0x08002e58   0x0000006c   Code   RO         1743    i.HAL_RCC_GetSysClockFreq  py32f0xx_hal_rcc.o
    0x08002ec4   0x08002ec4   0x00000238   Code   RO         1746    i.HAL_RCC_OscConfig  py32f0xx_hal_rcc.o
    0x080030fc   0x080030fc   0x00000010   Code   RO          736    i.HAL_SYSCFG_DMA_Req  py32f0xx_hal.o
    0x0800310c   0x0800310c   0x00000030   Code   RO         1098    i.HAL_SYSTICK_Config  py32f0xx_hal_cortex.o
    0x0800313c   0x0800313c   0x00000036   Code   RO         1904    i.HAL_TIM_Base_Init  py32f0xx_hal_tim.o
    0x08003172   0x08003172   0x00000002   Code   RO         1906    i.HAL_TIM_Base_MspInit  py32f0xx_hal_tim.o
    0x08003174   0x08003174   0x000000e0   Code   RO         1973    i.HAL_TIM_PWM_ConfigChannel  py32f0xx_hal_tim.o
    0x08003254   0x08003254   0x00000050   Code   RO         1981    i.HAL_TIM_PWM_Start  py32f0xx_hal_tim.o
    0x080032a4   0x080032a4   0x0000002c   Code   RO          322    i.HAL_UART_ErrorCallback  drive_uart.o
    0x080032d0   0x080032d0   0x00000002   Code   RO         3905    i.HardFault_Handler  py32f0xx_it.o
    0x080032d2   0x080032d2   0x00000002   PAD
    0x080032d4   0x080032d4   0x00000024   Code   RO         3206    i.Lcd_DisplayOnOff_D3  app_displaylcd.o
    0x080032f8   0x080032f8   0x000000cc   Code   RO         3207    i.Lcd_RawArrayTurnForVideoMemory_Dowm3  app_displaylcd.o
    0x080033c4   0x080033c4   0x00000068   Code   RO         3208    i.Lcd_RawArrayTurnForVideoMemory_Up3  app_displaylcd.o
    0x0800342c   0x0800342c   0x00000040   Code   RO         3209    i.Lcd_SetNimus_D3   app_displaylcd.o
    0x0800346c   0x0800346c   0x00000058   Code   RO         3210    i.Lcd_SetNum_D3     app_displaylcd.o
    0x080034c4   0x080034c4   0x0000001c   Code   RO         3211    i.Lcd_icon_300Temp_onOff  app_displaylcd.o
    0x080034e0   0x080034e0   0x0000001c   Code   RO         3212    i.Lcd_icon_350Temp_onOff  app_displaylcd.o
    0x080034fc   0x080034fc   0x0000001c   Code   RO         3213    i.Lcd_icon_400Temp_onOff  app_displaylcd.o
    0x08003518   0x08003518   0x0000001c   Code   RO         3214    i.Lcd_icon_SET_onOff  app_displaylcd.o
    0x08003534   0x08003534   0x0000001c   Code   RO         3215    i.Lcd_icon_cup_onOff  app_displaylcd.o
    0x08003550   0x08003550   0x00000040   Code   RO         3216    i.Lcd_icon_onOff    app_displaylcd.o
    0x08003590   0x08003590   0x0000001c   Code   RO         3217    i.Lcd_icon_soldering_onOff  app_displaylcd.o
    0x080035ac   0x080035ac   0x0000001c   Code   RO         3218    i.Lcd_icon_temp_onOff  app_displaylcd.o
    0x080035c8   0x080035c8   0x00000010   Code   RO         3219    i.Lcd_smgDowm3_Close  app_displaylcd.o
    0x080035d8   0x080035d8   0x00000016   Code   RO         3220    i.Lcd_smgDowm3_DisplayOnOff  app_displaylcd.o
    0x080035ee   0x080035ee   0x00000002   PAD
    0x080035f0   0x080035f0   0x00000078   Code   RO         3221    i.Lcd_smgDowm3_SetErrorNum  app_displaylcd.o
    0x08003668   0x08003668   0x00000030   Code   RO         3223    i.Lcd_smgDowm3_SetNimus  app_displaylcd.o
    0x08003698   0x08003698   0x00000016   Code   RO         3224    i.Lcd_smgDowm3_SetNum  app_displaylcd.o
    0x080036ae   0x080036ae   0x00000002   PAD
    0x080036b0   0x080036b0   0x00000040   Code   RO         3225    i.Lcd_smgUp3_SetNum  app_displaylcd.o
    0x080036f0   0x080036f0   0x00000024   Code   RO         3226    i.Lcd_smgUp3_SetPNum  app_displaylcd.o
    0x08003714   0x08003714   0x00000048   Code   RO         3419    i.LimitFilter       app_math.o
    0x0800375c   0x0800375c   0x00000002   Code   RO         3906    i.NMI_Handler       py32f0xx_it.o
    0x0800375e   0x0800375e   0x00000002   PAD
    0x08003760   0x08003760   0x00000044   Code   RO         1100    i.NVIC_SetPriority  py32f0xx_hal_cortex.o
    0x080037a4   0x080037a4   0x00000002   Code   RO         3907    i.PendSV_Handler    py32f0xx_it.o
    0x080037a6   0x080037a6   0x00000002   Code   RO         3908    i.SVC_Handler       py32f0xx_it.o
    0x080037a8   0x080037a8   0x00000008   Code   RO         3909    i.SysTick_Handler   py32f0xx_it.o
    0x080037b0   0x080037b0   0x00000030   Code   RO         3954    i.SystemInit        system_py32f0xx.o
    0x080037e0   0x080037e0   0x0000007c   Code   RO         1994    i.TIM_Base_SetConfig  py32f0xx_hal_tim.o
    0x0800385c   0x0800385c   0x0000001a   Code   RO         1995    i.TIM_CCxChannelCmd  py32f0xx_hal_tim.o
    0x08003876   0x08003876   0x00000002   PAD
    0x08003878   0x08003878   0x0000007c   Code   RO         2007    i.TIM_OC1_SetConfig  py32f0xx_hal_tim.o
    0x080038f4   0x080038f4   0x00000080   Code   RO         2008    i.TIM_OC2_SetConfig  py32f0xx_hal_tim.o
    0x08003974   0x08003974   0x00000080   Code   RO         2009    i.TIM_OC3_SetConfig  py32f0xx_hal_tim.o
    0x080039f4   0x080039f4   0x00000068   Code   RO         2010    i.TIM_OC4_SetConfig  py32f0xx_hal_tim.o
    0x08003a5c   0x08003a5c   0x00000028   Code   RO          326    i.USART1_IRQHandler  drive_uart.o
    0x08003a84   0x08003a84   0x0000001a   Code   RO         1288    i.__ARM_common_switch8  py32f0xx_hal_dma.o
    0x08003a9e   0x08003a9e   0x00000002   PAD
    0x08003aa0   0x08003aa0   0x0000003c   Code   RO         3622    i.app_ButtonCheck_Task  app_coder.o
    0x08003adc   0x08003adc   0x00000058   Code   RO         3623    i.app_ButtonDispose  app_coder.o
    0x08003b34   0x08003b34   0x0000005c   Code   RO         3624    i.app_ButtonScan    app_coder.o
    0x08003b90   0x08003b90   0x00000064   Code   RO         3758    i.app_Buz_Task      app_buzmusic.o
    0x08003bf4   0x08003bf4   0x0000010c   Code   RO         3420    i.app_DisplayFilter_RC  app_math.o
    0x08003d00   0x08003d00   0x0000010c   Code   RO         3421    i.app_DisplayFilter_kalman  app_math.o
    0x08003e0c   0x08003e0c   0x000000d8   Code   RO         3672    i.app_EncoderSetData_LcdSettingPage  app_hci.o
    0x08003ee4   0x08003ee4   0x00000078   Code   RO         3673    i.app_Encoder_FastSetTemp  app_hci.o
    0x08003f5c   0x08003f5c   0x0000002c   Code   RO         3625    i.app_Encoder_Task  app_coder.o
    0x08003f88   0x08003f88   0x00000038   Code   RO         3626    i.app_Encoder_TurnRightOrLeft  app_coder.o
    0x08003fc0   0x08003fc0   0x00000020   Code   RO         3422    i.app_GetAdcVlaue_NTC  app_math.o
    0x08003fe0   0x08003fe0   0x00000014   Code   RO         3423    i.app_GetAdcVlaue_TID  app_math.o
    0x08003ff4   0x08003ff4   0x00000018   Code   RO         3424    i.app_GetAdcVlaue_electricity  app_math.o
    0x0800400c   0x0800400c   0x00000010   Code   RO         3425    i.app_GetAdcVlaue_electricity_Task  app_math.o
    0x0800401c   0x0800401c   0x000000bc   Code   RO         3426    i.app_GetAdcVlaue_soldering  app_math.o
    0x080040d8   0x080040d8   0x00000040   Code   RO         3427    i.app_GetSolderingTid  app_math.o
    0x08004118   0x08004118   0x00000044   Code   RO         3674    i.app_IconBlink_Task  app_hci.o
    0x0800415c   0x0800415c   0x00000034   Code   RO         3675    i.app_LcdBlink      app_hci.o
    0x08004190   0x08004190   0x000000a4   Code   RO         3676    i.app_LcdCommonMode  app_hci.o
    0x08004234   0x08004234   0x000000cc   Code   RO         3677    i.app_Lcd_DisplayPNumber_SettingPage  app_hci.o
    0x08004300   0x08004300   0x000000e0   Code   RO         3678    i.app_Lcd_SleepStateCheck_Task  app_hci.o
    0x080043e0   0x080043e0   0x000000ec   Code   RO         3679    i.app_Lcd_SolderingIcon_Blink_Task  app_hci.o
    0x080044cc   0x080044cc   0x00000028   Code   RO         3428    i.app_PcbTempProtect_Task  app_math.o
    0x080044f4   0x080044f4   0x00000068   Code   RO         3429    i.app_Samp_electricity_Task  app_math.o
    0x0800455c   0x0800455c   0x00000110   Code   RO         3680    i.app_SolderingTempDisplay  app_hci.o
    0x0800466c   0x0800466c   0x0000006c   Code   RO         3681    i.app_exitSeting_Lcd  app_hci.o
    0x080046d8   0x080046d8   0x0000001c   Code   RO          653    i.app_getMaxOfnum   drive_flash.o
    0x080046f4   0x080046f4   0x000000b8   Code   RO         3682    i.app_joinSeting_Lcd  app_hci.o
    0x080047ac   0x080047ac   0x0000010c   Code   RO         3362    i.app_pidControl    app_pid.o
    0x080048b8   0x080048b8   0x00000028   Code   RO         3363    i.app_pidOutCmd     app_pid.o
    0x080048e0   0x080048e0   0x0000003c   Code   RO         3364    i.app_pid_PCmd      app_pid.o
    0x0800491c   0x0800491c   0x00000028   Code   RO         3430    i.app_pid_Task      app_math.o
    0x08004944   0x08004944   0x00000074   Code   RO         3365    i.app_pid_iCmd      app_pid.o
    0x080049b8   0x080049b8   0x00000084   Code   RO         3431    i.app_solderingT115_adcTurnToTemp  app_math.o
    0x08004a3c   0x08004a3c   0x00000084   Code   RO         3432    i.app_solderingT210_adcTurnToTemp  app_math.o
    0x08004ac0   0x08004ac0   0x00000030   Code   RO         3434    i.app_soldering_T12_adcTurnToTemp  app_math.o
    0x08004af0   0x08004af0   0x000000a4   Code   RO         3341    i.app_timeSlice_Task  app_timeslice.o
    0x08004b94   0x08004b94   0x00000088   Code   RO         4033    i.arm_fir_f32       arm_fir_f32.o
    0x08004c1c   0x08004c1c   0x0000002c   Code   RO         3435    i.find_max_in_array  app_math.o
    0x08004c48   0x08004c48   0x0000002c   Code   RO         3759    i.get_buzzer_freq_by_temp  app_buzmusic.o
    0x08004c74   0x08004c74   0x0000006c   Code   RO         4001    i.main              main.o
    0x08004ce0   0x08004ce0   0x00000060   Code   RO         3436    i.median_filter     app_math.o
    0x08004d40   0x08004d40   0x0000001a   Code   RO         3760    i.set_beep          app_buzmusic.o
    0x08004d5a   0x08004d5a   0x00000002   PAD
    0x08004d5c   0x08004d5c   0x0000002c   Code   RO         3761    i.set_buzHz         app_buzmusic.o
    0x08004d88   0x08004d88   0x0000000a   Code   RO         3437    i.square_2          app_math.o
    0x08004d92   0x08004d92   0x00000014   Code   RO         3438    i.square_3          app_math.o
    0x08004da6   0x08004da6   0x00000002   PAD
    0x08004da8   0x08004da8   0x00000034   Code   RO         3762    i.touchBuzzerSpeak_1S  app_buzmusic.o
    0x08004ddc   0x08004ddc   0x00000034   Code   RO         3763    i.touchBuzzerSpeak_20Ms  app_buzmusic.o
    0x08004e10   0x08004e10   0x00000010   Code   RO         3764    i.touchBuzzerSpeak_Freq  app_buzmusic.o
    0x08004e20   0x08004e20   0x00000010   Code   RO         3765    i.touchBuzzerSpeak_L1  app_buzmusic.o
    0x08004e30   0x08004e30   0x00000060   Code   RO         3766    i.touchBuzzerSpeak_alarm  app_buzmusic.o
    0x08004e90   0x08004e90   0x00000068   Code   RO         3767    i.touchBuzzerSpeak_dingdong  app_buzmusic.o
    0x08004ef8   0x08004ef8   0x00000068   Code   RO         3768    i.touchBuzzerSpeak_dingdongdiangdang  app_buzmusic.o
    0x08004f60   0x08004f60   0x00000068   Code   RO         3769    i.touchBuzzerSpeak_dongding  app_buzmusic.o
    0x08004fc8   0x08004fc8   0x00000068   Code   RO         3770    i.touchBuzzerSpeak_doromi  app_buzmusic.o
    0x08005030   0x08005030   0x0000006c   Code   RO         3771    i.touchBuzzerSpeak_doromifasolasi  app_buzmusic.o
    0x0800509c   0x0800509c   0x00000068   Code   RO         3772    i.touchBuzzerSpeak_mirodo  app_buzmusic.o
    0x08005104   0x08005104   0x0000006c   Code   RO         3774    i.touchBuzzerSpeak_silasofamirodo  app_buzmusic.o
    0x08005170   0x08005170   0x0000001c   Code   RO         3775    i.touchBuzzer_overtone  app_buzmusic.o
    0x0800518c   0x0800518c   0x00000060   Code   RO         3776    i.touchBuzzer_set   app_buzmusic.o
    0x080051ec   0x080051ec   0x0000008c   Code   RO         4085    x$fpl$fadd          fz_ps.l(faddsub.o)
    0x08005278   0x08005278   0x00000054   Code   RO         4098    x$fpl$fleqf         fz_ps.l(flef.o)
    0x080052cc   0x080052cc   0x000000b0   Code   RO         4100    x$fpl$fmul          fz_ps.l(fmul.o)
    0x0800537c   0x0800537c   0x00000058   Code   RO         4102    x$fpl$frleqf        fz_ps.l(frlef.o)
    0x080053d4   0x080053d4   0x00000018   Code   RO         4086    x$fpl$frsb          fz_ps.l(faddsub.o)
    0x080053ec   0x080053ec   0x000000d0   Code   RO         4087    x$fpl$fsub          fz_ps.l(faddsub.o)
    0x080054bc   0x080054bc   0x00000000   Code   RO         4113    x$fpl$usenofp       fz_ps.l(usenofp.o)
    0x080054bc   0x080054bc   0x00000020   Data   RO         1336    .constdata          py32f0xx_hal_flash.o
    0x080054dc   0x080054dc   0x00000014   Data   RO         1747    .constdata          py32f0xx_hal_rcc.o
    0x080054f0   0x080054f0   0x00000060   Data   RO         3956    .constdata          system_py32f0xx.o
    0x08005550   0x08005550   0x00000040   Data   RO         4092    .constdata          fz_ps.l(fdiv.o)
    0x08005590   0x08005590   0x00000020   Data   RO         4282    Region$$Table       anon$$obj.o


    Execution Region RW_IRAM1 (Exec base: 0x20000000, Load base: 0x080055b0, Size: 0x00000a30, Max: 0x00002000, ABSOLUTE, COMPRESSED[0x000000f4])

    Exec Addr    Load Addr    Size         Type   Attr      Idx    E Section Name        Object

    0x20000000   COMPRESSED   0x000000c0   Data   RW         3955    .ARM.__at_0x20000000  system_py32f0xx.o
    0x200000c0   COMPRESSED   0x00000004   Data   RW          186    .data               drive_adc.o
    0x200000c4   COMPRESSED   0x00000008   Data   RW          447    .data               drive_encoder.o
    0x200000cc   COMPRESSED   0x0000000c   Data   RW          739    .data               py32f0xx_hal.o
    0x200000d8   COMPRESSED   0x00000016   Data   RW         3227    .data               app_displaylcd.o
    0x200000ee   COMPRESSED   0x00000002   PAD
    0x200000f0   COMPRESSED   0x00000014   Data   RW         3342    .data               app_timeslice.o
    0x20000104   COMPRESSED   0x00000010   Data   RW         3442    .data               app_math.o
    0x20000114   COMPRESSED   0x00000098   Data   RW         3443    .data               app_math.o
    0x200001ac   COMPRESSED   0x0000000c   Data   RW         3627    .data               app_coder.o
    0x200001b8   COMPRESSED   0x00000020   Data   RW         3683    .data               app_hci.o
    0x200001d8   COMPRESSED   0x00000130   Data   RW         3777    .data               app_buzmusic.o
    0x20000308   COMPRESSED   0x00000004   Data   RW         3958    .data               system_py32f0xx.o
    0x2000030c   COMPRESSED   0x000000fc   Data   RW         4002    .data               main.o
    0x20000408        -       0x0000004c   Zero   RW          185    .bss                drive_adc.o
    0x20000454        -       0x0000004c   Zero   RW          327    .bss                drive_uart.o
    0x200004a0        -       0x0000005c   Zero   RW          479    .bss                drive_mosswitch.o
    0x200004fc        -       0x0000000e   Zero   RW          536    .bss                drive_desplaylcd.o
    0x2000050a   COMPRESSED   0x00000002   PAD
    0x2000050c        -       0x0000000c   Zero   RW          618    .bss                drive_iwdg.o
    0x20000518        -       0x00000018   Zero   RW         1335    .bss                py32f0xx_hal_flash.o
    0x20000530        -       0x00000010   Zero   RW         3439    .bss                app_math.o
    0x20000540        -       0x00000010   Zero   RW         3440    .bss                app_math.o
    0x20000550        -       0x00000038   Zero   RW         3441    .bss                app_math.o
    0x20000588        -       0x00000044   Zero   RW         3879    .bss                py32f0xx_hal_msp.o
    0x200005cc        -       0x00000060   Zero   RW         4153    .bss                c_p.l(libspace.o)
    0x2000062c   COMPRESSED   0x00000004   PAD
    0x20000630        -       0x00000000   Zero   RW         3992    HEAP                startup_py32f003xx.o
    0x20000630        -       0x00000400   Zero   RW         3991    STACK               startup_py32f003xx.o


==============================================================================

Image component sizes


      Code (inc. data)   RO Data    RW Data    ZI Data      Debug   Object Name

      1574        220          0        304          0      11888   app_buzmusic.o
       388         48          0         12          0       3317   app_coder.o
      1236        110          0         22          0      11569   app_displaylcd.o
      1912        142          0         32          0       7926   app_hci.o
      2866        434          0        168         88      20799   app_math.o
       484         42          0          0          0       2397   app_pid.o
       164         12          0         20          0        725   app_timeslice.o
       136          0          0          0          0       1322   arm_fir_f32.o
       270         36          0          4         76      17922   drive_adc.o
       104         14          0          0          0       1335   drive_backled.o
       136         14          0          0          0       1903   drive_button.o
        64          4          0          0          0        809   drive_buz.o
       104          6          0          0          0       5368   drive_clock.o
       526         42          0          0         14       4606   drive_desplaylcd.o
       216         34          0          8          0       1499   drive_encoder.o
       672         66          0          0          0       7766   drive_flash.o
        64         18          0          0         12        679   drive_iwdg.o
       408         68          0          0         92       4092   drive_mosswitch.o
        84          6          0          0         76       1570   drive_uart.o
       332         24          0        252          0       5954   main.o
         0          0          0          0          0     257673   py32f003xx_start_kit.o
       170         28          0         12          0       4070   py32f0xx_hal.o
      1312         52          0          0          0       7832   py32f0xx_hal_adc.o
       144         24          0          0          0       8941   py32f0xx_hal_cortex.o
       226         24          0          0          0       1764   py32f0xx_hal_dma.o
       964        102         32          0         24      16226   py32f0xx_hal_flash.o
       302          8          0          0          0       2803   py32f0xx_hal_gpio.o
       104         18          0          0          0       1607   py32f0xx_hal_iwdg.o
       162         12          0          0         68       1632   py32f0xx_hal_msp.o
      1020         56         20          0          0       4024   py32f0xx_hal_rcc.o
       994         86          0          0          0       7648   py32f0xx_hal_tim.o
        16          0          0          0          0       2051   py32f0xx_it.o
        52         22        192          0       1024        612   startup_py32f003xx.o
        96         22         96        196          0       1771   system_py32f0xx.o

    ----------------------------------------------------------------------
     17336       1794        372       1032       1476     432100   Object Totals
         0          0         32          0          0          0   (incl. Generated)
        34          0          0          2          2          0   (incl. Padding)

    ----------------------------------------------------------------------

      Code (inc. data)   RO Data    RW Data    ZI Data      Debug   Library Member Name

        86          0          0          0          0          0   __dczerorl2.o
         8          0          0          0          0         68   __main.o
         0          0          0          0          0          0   __rtentry.o
        12          0          0          0          0          0   __rtentry2.o
         6          0          0          0          0          0   __rtentry4.o
        60          8          0          0          0          0   __scatter.o
        28          0          0          0          0          0   __scatter_zi.o
       346          0          0          0          0         92   aeabi_sdiv.o
        16          0          0          0          0         68   exit.o
         6          0          0          0          0        136   heapauxi.o
         0          0          0          0          0          0   indicate_semi.o
         2          0          0          0          0          0   libinit.o
         2          0          0          0          0          0   libinit2.o
         2          0          0          0          0          0   libshutdown.o
         2          0          0          0          0          0   libshutdown2.o
         8          4          0          0         96         68   libspace.o
        90          0          0          0          0         68   memcmp.o
        64          0          0          0          0        108   rt_memclr.o
        56          0          0          0          0         68   rt_memcpy.o
         2          0          0          0          0          0   rtexit.o
        10          0          0          0          0          0   rtexit2.o
        12          4          0          0          0         60   sys_exit.o
        62          0          0          0          0         80   sys_stackheap_outer.o
         2          0          0          0          0         68   use_no_semi.o
        46          0          0          0          0         60   cmpret.o
       124          4          0          0          0         72   d2f.o
       856         20          0          0          0        208   daddsub.o
        88          0          0          0          0         92   dflti.o
       584         26          0          0          0         84   dmul.o
        84          4          0          0          0         60   f2d.o
       372          8          0          0          0        240   faddsub.o
       100          4          0          0          0         68   fcmpin.o
       352         10         64          0          0         92   fdiv.o
        48          0          0          0          0         60   ffixui.o
        94          0          0          0          0         92   fflti.o
        84          4          0          0          0         76   flef.o
       176          4          0          0          0         80   fmul.o
        16          6          0          0          0         68   fnan2.o
        88          4          0          0          0         76   frlef.o
        68          4          0          0          0         68   fscalbn.o
        94          0          0          0          0         68   retnan.o
         0          0          0          0          0          0   usenofp.o

    ----------------------------------------------------------------------
      4164        114         64          0        100       2448   Library Totals
         8          0          0          0          4          0   (incl. Padding)

    ----------------------------------------------------------------------

      Code (inc. data)   RO Data    RW Data    ZI Data      Debug   Library Name

       882         16          0          0         96        884   c_p.l
      3274         98         64          0          0       1564   fz_ps.l

    ----------------------------------------------------------------------
      4164        114         64          0        100       2448   Library Totals

    ----------------------------------------------------------------------

==============================================================================


      Code (inc. data)   RO Data    RW Data    ZI Data      Debug   

     21500       1908        436       1032       1576     425024   Grand Totals
     21500       1908        436        244       1576     425024   ELF Image Totals (compressed)
     21500       1908        436        244          0          0   ROM Totals

==============================================================================

    Total RO  Size (Code + RO Data)                21936 (  21.42kB)
    Total RW  Size (RW Data + ZI Data)              2608 (   2.55kB)
    Total ROM Size (Code + RO Data + RW Data)      22180 (  21.66kB)

==============================================================================

