<html>
<body>
<pre>
<h1>µVision Build Log</h1>
<h2>Tool Versions:</h2>
IDE-Version: ¦ÌVision V5.43.1.0
Copyright (C) 2025 ARM Ltd and ARM Germany GmbH. All rights reserved.
License Information: 8 3355828586@qq.com, 88, LIC=IK1BF-64295-MMV9I-TN82S-FN80W-37A2F
 
Tool Versions:
Toolchain:       MDK-ARM Plus  Version: 5.43.0.0
Toolchain Path:  D:\Keil Arm\ARM\ARMCC\Bin
C Compiler:      Armcc.exe V5.06 update 7 (build 960)
Assembler:       Armasm.exe V5.06 update 7 (build 960)
Linker/Locator:  ArmLink.exe V5.06 update 7 (build 960)
Library Manager: ArmAr.exe V5.06 update 7 (build 960)
Hex Converter:   FromElf.exe V5.06 update 7 (build 960)
CPU DLL:         SARMCM3.DLL V5.43.0.0
Dialog DLL:      DARMCM1.DLL V1.19.6.0
Target DLL:      STLink\ST-LINKIII-KEIL_SWO.dll V3.3.1.0
Dialog DLL:      TARMCM1.DLL V1.14.6.0
 
<h2>Project:</h2>
g:\63_ShuWEiTong\03_OSS_TEM_T12\OSS_TEM_T12\Project\OSS-T12_Project.uvprojx
Project File Date:  09/19/2025

<h2>Output:</h2>
*** Using Compiler 'V5.06 update 7 (build 960)', folder: 'D:\Keil Arm\ARM\ARMCC\Bin'
Build target 'Project'
compiling Drive_clock.c...
compiling Drive_adc.c...
compiling APP_pid.c...
compiling APP_Coder.c...
compiling APP_displayLcd.c...
compiling Drive_Button.c...
compiling Drive_flash.c...
compiling Drive_MosSwitch.c...
compiling Drive_BackLed.c...
compiling APP_TimeSlice.c...
compiling Drive_Encoder.c...
compiling Drive_uart.c...
compiling APP_math.c...
compiling Drive_Buz.c...
compiling Drive_DesplayLcd.c...
compiling Drive_Iwdg.c...
compiling APP_BuzMusic.c...
compiling APP_HCI.c...
compiling py32f0xx_hal_msp.c...
compiling py32f0xx_it.c...
compiling main.c...
linking...
Program Size: Code=21648 RO-data=436 RW-data=1032 ZI-data=1576  
FromELF: creating hex file...
".\Objects\OSS-T210_Project.axf" - 0 Error(s), 0 Warning(s).

<h2>Software Packages used:</h2>

Package Vendor: Puya
                https://www.puyasemi.com/uploadfiles/Puya.PY32F0xx_DFP.1.2.3.pack
                Puya::PY32F0xx_DFP@1.2.3
                Puya PY32F0 Series Device Support

<h2>Collection of Component include folders:</h2>
  D:/Keil Arm/Puya/PY32F0xx_DFP/1.2.3/Drivers/CMSIS/Device/PY32F0xx/Include

<h2>Collection of Component Files used:</h2>
Build Time Elapsed:  00:00:05
</pre>
</body>
</html>
